Component: ARM Compiler 5.06 update 1 (build 61) Tool: armlink [4d35a8]

==============================================================================

Section Cross References

    stm32f1xx_hal.o(i.HAL_DeInit) refers to stm32f1xx_hal.o(i.HAL_MspDeInit) for HAL_MspDeInit
    stm32f1xx_hal.o(i.HAL_Delay) refers to stm32f1xx_hal.o(i.HAL_GetTick) for HAL_GetTick
    stm32f1xx_hal.o(i.HAL_GetTick) refers to stm32f1xx_hal.o(.data) for .data
    stm32f1xx_hal.o(i.HAL_IncTick) refers to stm32f1xx_hal.o(.data) for .data
    stm32f1xx_hal.o(i.HAL_Init) refers to stm32f1xx_hal_cortex.o(i.HAL_NVIC_SetPriorityGrouping) for HAL_NVIC_SetPriorityGrouping
    stm32f1xx_hal.o(i.HAL_Init) refers to stm32f1xx_hal.o(i.HAL_InitTick) for HAL_InitTick
    stm32f1xx_hal.o(i.HAL_Init) refers to stm32f1xx_hal_msp.o(i.HAL_MspInit) for HAL_MspInit
    stm32f1xx_hal.o(i.HAL_InitTick) refers to stm32f1xx_hal_rcc.o(i.HAL_RCC_GetHCLKFreq) for HAL_RCC_GetHCLKFreq
    stm32f1xx_hal.o(i.HAL_InitTick) refers to stm32f1xx_hal_cortex.o(i.HAL_SYSTICK_Config) for HAL_SYSTICK_Config
    stm32f1xx_hal.o(i.HAL_InitTick) refers to stm32f1xx_hal_cortex.o(i.HAL_NVIC_SetPriority) for HAL_NVIC_SetPriority
    stm32f1xx_hal_dac.o(i.DAC_DMAConvCpltCh1) refers to stm32f1xx_hal_dac.o(i.HAL_DAC_ConvCpltCallbackCh1) for HAL_DAC_ConvCpltCallbackCh1
    stm32f1xx_hal_dac.o(i.DAC_DMAErrorCh1) refers to stm32f1xx_hal_dac.o(i.HAL_DAC_ErrorCallbackCh1) for HAL_DAC_ErrorCallbackCh1
    stm32f1xx_hal_dac.o(i.DAC_DMAHalfConvCpltCh1) refers to stm32f1xx_hal_dac.o(i.HAL_DAC_ConvHalfCpltCallbackCh1) for HAL_DAC_ConvHalfCpltCallbackCh1
    stm32f1xx_hal_dac.o(i.HAL_DAC_ConfigChannel) refers to main.o(i.assert_failed) for assert_failed
    stm32f1xx_hal_dac.o(i.HAL_DAC_DeInit) refers to main.o(i.assert_failed) for assert_failed
    stm32f1xx_hal_dac.o(i.HAL_DAC_DeInit) refers to dac.o(i.HAL_DAC_MspDeInit) for HAL_DAC_MspDeInit
    stm32f1xx_hal_dac.o(i.HAL_DAC_GetValue) refers to main.o(i.assert_failed) for assert_failed
    stm32f1xx_hal_dac.o(i.HAL_DAC_Init) refers to main.o(i.assert_failed) for assert_failed
    stm32f1xx_hal_dac.o(i.HAL_DAC_Init) refers to dac.o(i.HAL_DAC_MspInit) for HAL_DAC_MspInit
    stm32f1xx_hal_dac.o(i.HAL_DAC_SetValue) refers to main.o(i.assert_failed) for assert_failed
    stm32f1xx_hal_dac.o(i.HAL_DAC_Start) refers to main.o(i.assert_failed) for assert_failed
    stm32f1xx_hal_dac.o(i.HAL_DAC_Start_DMA) refers to main.o(i.assert_failed) for assert_failed
    stm32f1xx_hal_dac.o(i.HAL_DAC_Start_DMA) refers to stm32f1xx_hal_dma.o(i.HAL_DMA_Start_IT) for HAL_DMA_Start_IT
    stm32f1xx_hal_dac.o(i.HAL_DAC_Start_DMA) refers to stm32f1xx_hal_dac_ex.o(i.DAC_DMAConvCpltCh2) for DAC_DMAConvCpltCh2
    stm32f1xx_hal_dac.o(i.HAL_DAC_Start_DMA) refers to stm32f1xx_hal_dac_ex.o(i.DAC_DMAHalfConvCpltCh2) for DAC_DMAHalfConvCpltCh2
    stm32f1xx_hal_dac.o(i.HAL_DAC_Start_DMA) refers to stm32f1xx_hal_dac_ex.o(i.DAC_DMAErrorCh2) for DAC_DMAErrorCh2
    stm32f1xx_hal_dac.o(i.HAL_DAC_Start_DMA) refers to stm32f1xx_hal_dac.o(i.DAC_DMAConvCpltCh1) for DAC_DMAConvCpltCh1
    stm32f1xx_hal_dac.o(i.HAL_DAC_Start_DMA) refers to stm32f1xx_hal_dac.o(i.DAC_DMAHalfConvCpltCh1) for DAC_DMAHalfConvCpltCh1
    stm32f1xx_hal_dac.o(i.HAL_DAC_Start_DMA) refers to stm32f1xx_hal_dac.o(i.DAC_DMAErrorCh1) for DAC_DMAErrorCh1
    stm32f1xx_hal_dac.o(i.HAL_DAC_Stop) refers to main.o(i.assert_failed) for assert_failed
    stm32f1xx_hal_dac.o(i.HAL_DAC_Stop_DMA) refers to main.o(i.assert_failed) for assert_failed
    stm32f1xx_hal_dac.o(i.HAL_DAC_Stop_DMA) refers to stm32f1xx_hal_dma.o(i.HAL_DMA_Abort) for HAL_DMA_Abort
    stm32f1xx_hal_dma.o(i.HAL_DMA_Abort) refers to stm32f1xx_hal.o(i.HAL_GetTick) for HAL_GetTick
    stm32f1xx_hal_dma.o(i.HAL_DMA_DeInit) refers to main.o(i.assert_failed) for assert_failed
    stm32f1xx_hal_dma.o(i.HAL_DMA_Init) refers to main.o(i.assert_failed) for assert_failed
    stm32f1xx_hal_dma.o(i.HAL_DMA_PollForTransfer) refers to stm32f1xx_hal.o(i.HAL_GetTick) for HAL_GetTick
    stm32f1xx_hal_dma.o(i.HAL_DMA_Start) refers to main.o(i.assert_failed) for assert_failed
    stm32f1xx_hal_dma.o(i.HAL_DMA_Start) refers to stm32f1xx_hal_dma.o(i.DMA_SetConfig) for DMA_SetConfig
    stm32f1xx_hal_dma.o(i.HAL_DMA_Start_IT) refers to main.o(i.assert_failed) for assert_failed
    stm32f1xx_hal_dma.o(i.HAL_DMA_Start_IT) refers to stm32f1xx_hal_dma.o(i.DMA_SetConfig) for DMA_SetConfig
    stm32f1xx_hal_tim_ex.o(i.HAL_TIMEx_ConfigBreakDeadTime) refers to main.o(i.assert_failed) for assert_failed
    stm32f1xx_hal_tim_ex.o(i.HAL_TIMEx_ConfigCommutationEvent) refers to main.o(i.assert_failed) for assert_failed
    stm32f1xx_hal_tim_ex.o(i.HAL_TIMEx_ConfigCommutationEvent_DMA) refers to main.o(i.assert_failed) for assert_failed
    stm32f1xx_hal_tim_ex.o(i.HAL_TIMEx_ConfigCommutationEvent_DMA) refers to stm32f1xx_hal_tim_ex.o(i.TIMEx_DMACommutationCplt) for TIMEx_DMACommutationCplt
[...]
    stm32f1xx_hal_flash_ex.o(i.HAL_FLASHEx_Erase) refers to stm32f1xx_hal_flash.o(i.FLASH_WaitForLastOperation) for FLASH_WaitForLastOperation
    stm32f1xx_hal_flash_ex.o(i.HAL_FLASHEx_Erase) refers to stm32f1xx_hal_flash_ex.o(i.FLASH_MassErase) for FLASH_MassErase
    stm32f1xx_hal_flash_ex.o(i.HAL_FLASHEx_Erase) refers to stm32f1xx_hal_flash_ex.o(i.FLASH_PageErase) for FLASH_PageErase
    stm32f1xx_hal_flash_ex.o(i.HAL_FLASHEx_Erase) refers to stm32f1xx_hal_flash.o(.bss) for pFlash
    stm32f1xx_hal_flash_ex.o(i.HAL_FLASHEx_Erase_IT) refers to main.o(i.assert_failed) for assert_failed
    stm32f1xx_hal_flash_ex.o(i.HAL_FLASHEx_Erase_IT) refers to stm32f1xx_hal_flash_ex.o(i.FLASH_MassErase) for FLASH_MassErase
    stm32f1xx_hal_flash_ex.o(i.HAL_FLASHEx_Erase_IT) refers to stm32f1xx_hal_flash_ex.o(i.FLASH_PageErase) for FLASH_PageErase
    stm32f1xx_hal_flash_ex.o(i.HAL_FLASHEx_Erase_IT) refers to stm32f1xx_hal_flash.o(.bss) for pFlash
    stm32f1xx_hal_flash_ex.o(i.HAL_FLASHEx_OBErase) refers to stm32f1xx_hal_flash_ex.o(i.FLASH_OB_GetRDP) for FLASH_OB_GetRDP
    stm32f1xx_hal_flash_ex.o(i.HAL_FLASHEx_OBErase) refers to stm32f1xx_hal_flash.o(i.FLASH_WaitForLastOperation) for FLASH_WaitForLastOperation
    stm32f1xx_hal_flash_ex.o(i.HAL_FLASHEx_OBErase) refers to stm32f1xx_hal_flash_ex.o(i.FLASH_OB_RDP_LevelConfig) for FLASH_OB_RDP_LevelConfig
    stm32f1xx_hal_flash_ex.o(i.HAL_FLASHEx_OBErase) refers to stm32f1xx_hal_flash.o(.bss) for pFlash
    stm32f1xx_hal_flash_ex.o(i.HAL_FLASHEx_OBGetConfig) refers to stm32f1xx_hal_flash_ex.o(i.FLASH_OB_GetRDP) for FLASH_OB_GetRDP
    stm32f1xx_hal_flash_ex.o(i.HAL_FLASHEx_OBProgram) refers to main.o(i.assert_failed) for assert_failed
    stm32f1xx_hal_flash_ex.o(i.HAL_FLASHEx_OBProgram) refers to stm32f1xx_hal_flash_ex.o(i.FLASH_OB_DisableWRP) for FLASH_OB_DisableWRP
    stm32f1xx_hal_flash_ex.o(i.HAL_FLASHEx_OBProgram) refers to stm32f1xx_hal_flash_ex.o(i.FLASH_OB_EnableWRP) for FLASH_OB_EnableWRP
    stm32f1xx_hal_flash_ex.o(i.HAL_FLASHEx_OBProgram) refers to stm32f1xx_hal_flash_ex.o(i.FLASH_OB_RDP_LevelConfig) for FLASH_OB_RDP_LevelConfig
    stm32f1xx_hal_flash_ex.o(i.HAL_FLASHEx_OBProgram) refers to stm32f1xx_hal_flash_ex.o(i.FLASH_OB_UserConfig) for FLASH_OB_UserConfig
    stm32f1xx_hal_flash_ex.o(i.HAL_FLASHEx_OBProgram) refers to stm32f1xx_hal_flash_ex.o(i.FLASH_OB_ProgramData) for FLASH_OB_ProgramData
    stm32f1xx_hal_flash_ex.o(i.HAL_FLASHEx_OBProgram) refers to stm32f1xx_hal_flash.o(.bss) for pFlash
    stm32f1xx_hal_rcc_ex.o(i.HAL_RCCEx_GetPeriphCLKFreq) refers to main.o(i.assert_failed) for assert_failed
    stm32f1xx_hal_rcc_ex.o(i.HAL_RCCEx_GetPeriphCLKFreq) refers to stm32f1xx_hal_rcc.o(i.HAL_RCC_GetSysClockFreq) for HAL_RCC_GetSysClockFreq
    stm32f1xx_hal_rcc_ex.o(i.HAL_RCCEx_GetPeriphCLKFreq) refers to stm32f1xx_hal_rcc.o(i.HAL_RCC_GetPCLK2Freq) for HAL_RCC_GetPCLK2Freq
    stm32f1xx_hal_rcc_ex.o(i.HAL_RCCEx_PeriphCLKConfig) refers to main.o(i.assert_failed) for assert_failed
    stm32f1xx_hal_rcc_ex.o(i.HAL_RCCEx_PeriphCLKConfig) refers to stm32f1xx_hal.o(i.HAL_GetTick) for HAL_GetTick
    stm32f1xx_hal_gpio.o(i.HAL_GPIO_DeInit) refers to main.o(i.assert_failed) for assert_failed
    stm32f1xx_hal_gpio.o(i.HAL_GPIO_EXTI_IRQHandler) refers to stm32f1xx_hal_gpio.o(i.HAL_GPIO_EXTI_Callback) for HAL_GPIO_EXTI_Callback
    stm32f1xx_hal_gpio.o(i.HAL_GPIO_Init) refers to main.o(i.assert_failed) for assert_failed
    stm32f1xx_hal_gpio.o(i.HAL_GPIO_LockPin) refers to main.o(i.assert_failed) for assert_failed
    stm32f1xx_hal_gpio.o(i.HAL_GPIO_ReadPin) refers to main.o(i.assert_failed) for assert_failed
    stm32f1xx_hal_gpio.o(i.HAL_GPIO_TogglePin) refers to main.o(i.assert_failed) for assert_failed
    stm32f1xx_hal_gpio.o(i.HAL_GPIO_WritePin) refers to main.o(i.assert_failed) for assert_failed
    stm32f1xx_hal_gpio_ex.o(i.HAL_GPIOEx_ConfigEventout) refers to main.o(i.assert_failed) for assert_failed
    stm32f1xx_hal_dac_ex.o(i.DAC_DMAConvCpltCh2) refers to stm32f1xx_hal_dac_ex.o(i.HAL_DACEx_ConvCpltCallbackCh2) for HAL_DACEx_ConvCpltCallbackCh2
    stm32f1xx_hal_dac_ex.o(i.DAC_DMAErrorCh2) refers to stm32f1xx_hal_dac_ex.o(i.HAL_DACEx_ErrorCallbackCh2) for HAL_DACEx_ErrorCallbackCh2
    stm32f1xx_hal_dac_ex.o(i.DAC_DMAHalfConvCpltCh2) refers to stm32f1xx_hal_dac_ex.o(i.HAL_DACEx_ConvHalfCpltCallbackCh2) for HAL_DACEx_ConvHalfCpltCallbackCh2
    stm32f1xx_hal_dac_ex.o(i.HAL_DACEx_DualSetValue) refers to main.o(i.assert_failed) for assert_failed
    stm32f1xx_hal_dac_ex.o(i.HAL_DACEx_NoiseWaveGenerate) refers to main.o(i.assert_failed) for assert_failed
    stm32f1xx_hal_dac_ex.o(i.HAL_DACEx_TriangleWaveGenerate) refers to main.o(i.assert_failed) for assert_failed
    modsin.o(i._ZN6SIN_cl3RunEv) refers to halsin.o(i._Z6setDACt) for setDAC(unsigned short)
    modsin.o(i._ZN6SIN_cl3RunEv) refers to modsin.o(.bss) for .bss
    modsin.o(i._ZN6SIN_cl3RunEv) refers to modsin.o(.data) for .data
    modsin.o(i._ZN6SIN_clD1Ev) refers to halsin.o(i._Z6setDACt) for setDAC(unsigned short)
    modsin.o(.ARM.exidx) refers to modsin.o(i._ZN6SIN_clC1Eh) for i._ZN6SIN_clC1Eh
    modsin.o(.ARM.exidx) refers to modsin.o(i._ZN6SIN_clD1Ev) for i._ZN6SIN_clD1Ev
    modsin.o(.ARM.exidx) refers to modsin.o(i._ZN6SIN_cl12SIN_set_freqEh) for i._ZN6SIN_cl12SIN_set_freqEh
    modsin.o(.ARM.exidx) refers to modsin.o(i._ZN6SIN_cl3RunEv) for i._ZN6SIN_cl3RunEv
    modsin.o(.ARM.exidx) refers to modsin.o(i._ZN6SIN_cl6getErrEv) for i._ZN6SIN_cl6getErrEv
    halsin.o(i._Z6setDACt) refers to stm32f1xx_hal_dac.o(i.HAL_DAC_SetValue) for HAL_DAC_SetValue
    halsin.o(i._Z6setDACt) refers to dac.o(.bss) for hdac
    halsin.o(i._Z7confDACv) refers to stm32f1xx_hal_dac.o(i.HAL_DAC_Start) for HAL_DAC_Start
    halsin.o(i._Z7confDACv) refers to dac.o(.bss) for hdac
    halsin.o(.ARM.exidx) refers to halsin.o(i._Z7confDACv) for i._Z7confDACv
    halsin.o(.ARM.exidx) refers to halsin.o(i._Z6setDACt) for i._Z6setDACt
    system_stm32f1xx.o(i.SystemCoreClockUpdate) refers to system_stm32f1xx.o(.data) for .data
    system_stm32f1xx.o(i.SystemCoreClockUpdate) refers to system_stm32f1xx.o(.constdata) for .constdata
    startup_stm32f103xg.o(RESET) refers to startup_stm32f103xg.o(STACK) for __initial_sp
    startup_stm32f103xg.o(RESET) refers to startup_stm32f103xg.o(.text) for Reset_Handler
    startup_stm32f103xg.o(RESET) refers to stm32f1xx_it.o(i.NMI_Handler) for NMI_Handler
    startup_stm32f103xg.o(RESET) refers to stm32f1xx_it.o(i.HardFault_Handler) for HardFault_Handler
    startup_stm32f103xg.o(RESET) refers to stm32f1xx_it.o(i.MemManage_Handler) for MemManage_Handler
    startup_stm32f103xg.o(RESET) refers to stm32f1xx_it.o(i.BusFault_Handler) for BusFault_Handler
    startup_stm32f103xg.o(RESET) refers to stm32f1xx_it.o(i.UsageFault_Handler) for UsageFault_Handler
    startup_stm32f103xg.o(RESET) refers to stm32f1xx_it.o(i.SVC_Handler) for SVC_Handler
    startup_stm32f103xg.o(RESET) refers to stm32f1xx_it.o(i.DebugMon_Handler) for DebugMon_Handler
    startup_stm32f103xg.o(RESET) refers to stm32f1xx_it.o(i.PendSV_Handler) for PendSV_Handler
    startup_stm32f103xg.o(RESET) refers to stm32f1xx_it.o(i.SysTick_Handler) for SysTick_Handler
    startup_stm32f103xg.o(RESET) refers to stm32f1xx_it.o(i.TIM6_IRQHandler) for TIM6_IRQHandler
    startup_stm32f103xg.o(.text) refers to system_stm32f1xx.o(i.SystemInit) for SystemInit
    startup_stm32f103xg.o(.text) refers to entry.o(.ARM.Collect$$$$00000000) for __main
    stm32f1xx_hal_msp.o(i.HAL_MspInit) refers to stm32f1xx_hal_cortex.o(i.HAL_NVIC_SetPriorityGrouping) for HAL_NVIC_SetPriorityGrouping
    stm32f1xx_hal_msp.o(i.HAL_MspInit) refers to stm32f1xx_hal_cortex.o(i.HAL_NVIC_SetPriority) for HAL_NVIC_SetPriority
    stm32f1xx_it.o(i.SysTick_Handler) refers to stm32f1xx_hal.o(i.HAL_IncTick) for HAL_IncTick
    stm32f1xx_it.o(i.SysTick_Handler) refers to stm32f1xx_hal_cortex.o(i.HAL_SYSTICK_IRQHandler) for HAL_SYSTICK_IRQHandler
    stm32f1xx_it.o(i.TIM6_IRQHandler) refers to modsin.o(i._ZN6SIN_cl3RunEv) for SIN_cl::Run()
    stm32f1xx_it.o(i.TIM6_IRQHandler) refers to stm32f1xx_hal_tim.o(i.HAL_TIM_IRQHandler) for HAL_TIM_IRQHandler
    stm32f1xx_it.o(i.TIM6_IRQHandler) refers to main.o(.data) for ssss
    stm32f1xx_it.o(i.TIM6_IRQHandler) refers to tim.o(.bss) for htim6
    stm32f1xx_it.o(.ARM.exidx) refers to stm32f1xx_it.o(i.NMI_Handler) for i.NMI_Handler
    stm32f1xx_it.o(.ARM.exidx) refers to stm32f1xx_it.o(i.HardFault_Handler) for i.HardFault_Handler
    stm32f1xx_it.o(.ARM.exidx) refers to stm32f1xx_it.o(i.MemManage_Handler) for i.MemManage_Handler
    stm32f1xx_it.o(.ARM.exidx) refers to stm32f1xx_it.o(i.BusFault_Handler) for i.BusFault_Handler
    stm32f1xx_it.o(.ARM.exidx) refers to stm32f1xx_it.o(i.UsageFault_Handler) for i.UsageFault_Handler
    stm32f1xx_it.o(.ARM.exidx) refers to stm32f1xx_it.o(i.SVC_Handler) for i.SVC_Handler
    stm32f1xx_it.o(.ARM.exidx) refers to stm32f1xx_it.o(i.DebugMon_Handler) for i.DebugMon_Handler
    stm32f1xx_it.o(.ARM.exidx) refers to stm32f1xx_it.o(i.PendSV_Handler) for i.PendSV_Handler
    stm32f1xx_it.o(.ARM.exidx) refers to stm32f1xx_it.o(i.SysTick_Handler) for i.SysTick_Handler
    stm32f1xx_it.o(.ARM.exidx) refers to stm32f1xx_it.o(i.TIM6_IRQHandler) for i.TIM6_IRQHandler
    tim.o(i.HAL_TIM_Base_MspDeInit) refers to stm32f1xx_hal_cortex.o(i.HAL_NVIC_DisableIRQ) for HAL_NVIC_DisableIRQ
    tim.o(i.HAL_TIM_Base_MspInit) refers to stm32f1xx_hal_cortex.o(i.HAL_NVIC_SetPriority) for HAL_NVIC_SetPriority
    tim.o(i.HAL_TIM_Base_MspInit) refers to stm32f1xx_hal_cortex.o(i.HAL_NVIC_EnableIRQ) for HAL_NVIC_EnableIRQ
    tim.o(i.MX_TIM6_Init) refers to stm32f1xx_hal_tim.o(i.HAL_TIM_Base_Init) for HAL_TIM_Base_Init
    tim.o(i.MX_TIM6_Init) refers to main.o(i.Error_Handler) for Error_Handler
    tim.o(i.MX_TIM6_Init) refers to stm32f1xx_hal_tim_ex.o(i.HAL_TIMEx_MasterConfigSynchronization) for HAL_TIMEx_MasterConfigSynchronization
    tim.o(i.MX_TIM6_Init) refers to tim.o(.bss) for .bss
    dac.o(i.HAL_DAC_MspDeInit) refers to stm32f1xx_hal_gpio.o(i.HAL_GPIO_DeInit) for HAL_GPIO_DeInit
    dac.o(i.HAL_DAC_MspInit) refers to stm32f1xx_hal_gpio.o(i.HAL_GPIO_Init) for HAL_GPIO_Init
    dac.o(i.MX_DAC_Init) refers to stm32f1xx_hal_dac.o(i.HAL_DAC_Init) for HAL_DAC_Init
    dac.o(i.MX_DAC_Init) refers to main.o(i.Error_Handler) for Error_Handler
    dac.o(i.MX_DAC_Init) refers to stm32f1xx_hal_dac.o(i.HAL_DAC_ConfigChannel) for HAL_DAC_ConfigChannel
    dac.o(i.MX_DAC_Init) refers to dac.o(.bss) for .bss
    main.o(i._Z18SystemClock_Configv) refers to stm32f1xx_hal_rcc.o(i.HAL_RCC_OscConfig) for HAL_RCC_OscConfig
    main.o(i._Z18SystemClock_Configv) refers to stm32f1xx_hal_rcc.o(i.HAL_RCC_ClockConfig) for HAL_RCC_ClockConfig
    main.o(i._Z18SystemClock_Configv) refers to stm32f1xx_hal_rcc.o(i.HAL_RCC_GetHCLKFreq) for HAL_RCC_GetHCLKFreq
    main.o(i._Z18SystemClock_Configv) refers to stm32f1xx_hal_cortex.o(i.HAL_SYSTICK_Config) for HAL_SYSTICK_Config
    main.o(i._Z18SystemClock_Configv) refers to stm32f1xx_hal_cortex.o(i.HAL_SYSTICK_CLKSourceConfig) for HAL_SYSTICK_CLKSourceConfig
    main.o(i._Z18SystemClock_Configv) refers to stm32f1xx_hal_cortex.o(i.HAL_NVIC_SetPriority) for HAL_NVIC_SetPriority
    main.o(i.__sti___8_main_cpp_ssss) refers to modsin.o(i._ZN6SIN_clC1Eh) for SIN_cl::SIN_cl(unsigned char)
    main.o(i.__sti___8_main_cpp_ssss) refers to aeabi_atexit.o(.text) for __aeabi_atexit
    main.o(i.__sti___8_main_cpp_ssss) refers to main.o(.data) for .data
    main.o(i.__sti___8_main_cpp_ssss) refers to modsin.o(i._ZN6SIN_clD1Ev) for SIN_cl::~SIN_cl()
    main.o(i.main) refers to stm32f1xx_hal.o(i.HAL_Init) for HAL_Init
    main.o(i.main) refers to main.o(i._Z18SystemClock_Configv) for SystemClock_Config()
    main.o(i.main) refers to gpio.o(i.MX_GPIO_Init) for MX_GPIO_Init
    main.o(i.main) refers to dac.o(i.MX_DAC_Init) for MX_DAC_Init
    main.o(i.main) refers to tim.o(i.MX_TIM6_Init) for MX_TIM6_Init
    main.o(.ARM.exidx) refers to main.o(i.Error_Handler) for i.Error_Handler
    main.o(.ARM.exidx) refers to main.o(i._Z18SystemClock_Configv) for i._Z18SystemClock_Configv
    main.o(.ARM.exidx) refers to main.o(i.main) for i.main
    main.o(.ARM.exidx) refers to main.o(i.assert_failed) for i.assert_failed
    main.o(.ARM.exidx) refers to main.o(i.__sti___8_main_cpp_ssss) for i.__sti___8_main_cpp_ssss
    main.o(.init_array) refers to main.o(i.__sti___8_main_cpp_ssss) for __sti___8_main_cpp_ssss
    main.o(.init_array) refers to cpp_init.o(.text) for __cpp_initialize__aeabi_
    entry.o(.ARM.Collect$$$$00000000) refers (Special) to entry10a.o(.ARM.Collect$$$$0000000D) for __rt_final_cpp
    entry.o(.ARM.Collect$$$$00000000) refers (Special) to entry11a.o(.ARM.Collect$$$$0000000F) for __rt_final_exit
    entry.o(.ARM.Collect$$$$00000000) refers (Special) to entry7b.o(.ARM.Collect$$$$00000008) for _main_clock
    entry.o(.ARM.Collect$$$$00000000) refers (Special) to entry8b.o(.ARM.Collect$$$$0000000A) for _main_cpp_init
    entry.o(.ARM.Collect$$$$00000000) refers (Special) to entry9a.o(.ARM.Collect$$$$0000000B) for _main_init
    entry.o(.ARM.Collect$$$$00000000) refers (Special) to entry5.o(.ARM.Collect$$$$00000004) for _main_scatterload
    entry.o(.ARM.Collect$$$$00000000) refers (Special) to entry2.o(.ARM.Collect$$$$00000001) for _main_stk
    cpp_init.o(.emb_text) refers (Special) to entry8a.o(.ARM.Collect$$$$00000009) for _main_cpp_init$empty
    cpp_init.o(.init_array) refers (Special) to entry8a.o(.ARM.Collect$$$$00000009) for _main_cpp_init$empty
    cpp_init.o(.init_array) refers to cpp_init.o(.text) for __cpp_initialize__aeabi_
    cpp_init.o(.dummy_text) refers (Special) to entry8a.o(.ARM.Collect$$$$00000009) for _main_cpp_init$empty
    cpp_init.o(.text) refers (Special) to entry8a.o(.ARM.Collect$$$$00000009) for _main_cpp_init$empty
    aeabi_atexit.o(.text) refers (Special) to cxa_finalize.o(.text) for __cxa_finalize
    aeabi_atexit.o(.text) refers to malloc.o(i.malloc) for malloc
    aeabi_atexit.o(.text) refers to cpp_dtor.o(.text) for __rt_ddtor_pointer_addr
    entry2.o(.ARM.Collect$$$$00000001) refers to entry2.o(.ARM.Collect$$$$00002712) for __lit__00000000
    entry2.o(.ARM.Collect$$$$00002712) refers to startup_stm32f103xg.o(STACK) for __initial_sp
    entry2.o(__vectab_stack_and_reset_area) refers to startup_stm32f103xg.o(STACK) for __initial_sp
    entry2.o(__vectab_stack_and_reset_area) refers to entry.o(.ARM.Collect$$$$00000000) for __main
    entry5.o(.ARM.Collect$$$$00000004) refers to init.o(.text) for __scatterload
    entry8a.o(.ARM.Collect$$$$00000009) refers (Weak) to cpp_init.o(.text) for __cpp_initialize__aeabi_
    entry9a.o(.ARM.Collect$$$$0000000B) refers to main.o(i.main) for main
    entry9b.o(.ARM.Collect$$$$0000000C) refers to main.o(i.main) for main
    entry10b.o(.ARM.Collect$$$$0000000E) refers (Weak) to cxa_finalize.o(.text) for __cxa_finalize
    malloc.o(i.free) refers to mvars.o(.data) for __microlib_freelist
    malloc.o(i.malloc) refers to mvars.o(.data) for __microlib_freelist_initialised
    malloc.o(i.malloc) refers to mvars.o(.data) for __microlib_freelist
    malloc.o(i.malloc) refers to startup_stm32f103xg.o(HEAP) for __heap_base
    mallocr.o(i.__free$realloc) refers to mvars.o(.data) for __microlib_freelist
    mallocr.o(i.__malloc$realloc) refers to mallocr.o(i.internal_alloc) for internal_alloc
    mallocr.o(i.__malloc$realloc) refers to mvars.o(.data) for __microlib_freelist_initialised
    mallocr.o(i.__malloc$realloc) refers to startup_stm32f103xg.o(HEAP) for __heap_base
    mallocr.o(i.__malloc$realloc) refers to mvars.o(.data) for __microlib_freelist
    mallocr.o(i.internal_alloc) refers to memcpya.o(.text) for __aeabi_memcpy
    mallocr.o(i.internal_alloc) refers to mvars.o(.data) for __microlib_freelist
    mallocr.o(i.realloc) refers to mallocr.o(i.__free$realloc) for __free$realloc
    mallocr.o(i.realloc) refers to mallocr.o(i.internal_alloc) for internal_alloc
    mallocr.o(i.realloc) refers to mallocr.o(i.__malloc$realloc) for __malloc$realloc
    mallocr.o(i.realloc) refers to mvars.o(.data) for __microlib_freelist
    malloca.o(i.__aligned_malloc) refers to mvars.o(.data) for __microlib_freelist_initialised
    malloca.o(i.__aligned_malloc) refers to mvars.o(.data) for __microlib_freelist
    malloca.o(i.__aligned_malloc) refers to startup_stm32f103xg.o(HEAP) for __heap_base
    malloca.o(i.__free$memalign) refers to mvars.o(.data) for __microlib_freelist
    malloca.o(i.__malloc$memalign) refers to malloca.o(i.__aligned_malloc) for __aligned_malloc
    mallocra.o(i.__aligned_malloc$realloc) refers to mallocra.o(i.internal_alloc) for internal_alloc
    mallocra.o(i.__aligned_malloc$realloc) refers to mvars.o(.data) for __microlib_freelist_initialised
    mallocra.o(i.__aligned_malloc$realloc) refers to startup_stm32f103xg.o(HEAP) for __heap_base
    mallocra.o(i.__aligned_malloc$realloc) refers to mvars.o(.data) for __microlib_freelist
    mallocra.o(i.__free$realloc$memalign) refers to mvars.o(.data) for __microlib_freelist
    mallocra.o(i.__malloc$realloc$memalign) refers to mallocra.o(i.__aligned_malloc$realloc) for __aligned_malloc$realloc
    mallocra.o(i.__realloc$memalign) refers to mallocra.o(i.__free$realloc$memalign) for __free$realloc$memalign
    mallocra.o(i.__realloc$memalign) refers to mallocra.o(i.internal_alloc) for internal_alloc
    mallocra.o(i.__realloc$memalign) refers to mallocra.o(i.__malloc$realloc$memalign) for __malloc$realloc$memalign
    mallocra.o(i.__realloc$memalign) refers to mvars.o(.data) for __microlib_freelist
    mallocra.o(i.internal_alloc) refers to memcpya.o(.text) for __aeabi_memcpy
    mallocra.o(i.internal_alloc) refers to mvars.o(.data) for __microlib_freelist
    cpp_dtor.o(.text) refers to cpp_dtor.o(.data) for .data
    cxa_finalize.o(.text) refers (Special) to cpp_final.o(.text) for __rt_lib_shutdown_cpp_2
    cxa_finalize.o(.text) refers to cpp_dtor.o(.text) for __rt_ddtor_pointer_addr
    cxa_finalize.o(.text) refers to malloc.o(i.free) for free
    init.o(.text) refers to entry5.o(.ARM.Collect$$$$00000004) for __main_after_scatterload
    cpp_final.o(.text) refers (Special) to entry10b.o(.ARM.Collect$$$$0000000E) for __rt_final_cpp$nonempty


==============================================================================

Removing Unused input sections from the image.

    Removing stm32f1xx_hal.o(.rev16_text), (4 bytes).
    Removing stm32f1xx_hal.o(.revsh_text), (4 bytes).
    Removing stm32f1xx_hal.o(.rrx_text), (6 bytes).
    Removing stm32f1xx_hal.o(i.HAL_DBGMCU_DisableDBGSleepMode), (16 bytes).
    Removing stm32f1xx_hal.o(i.HAL_DBGMCU_DisableDBGStandbyMode), (16 bytes).
    Removing stm32f1xx_hal.o(i.HAL_DBGMCU_DisableDBGStopMode), (16 bytes).
    Removing stm32f1xx_hal.o(i.HAL_DBGMCU_EnableDBGSleepMode), (16 bytes).
    Removing stm32f1xx_hal.o(i.HAL_DBGMCU_EnableDBGStandbyMode), (16 bytes).
    Removing stm32f1xx_hal.o(i.HAL_DBGMCU_EnableDBGStopMode), (16 bytes).
    Removing stm32f1xx_hal.o(i.HAL_DeInit), (32 bytes).
    Removing stm32f1xx_hal.o(i.HAL_GetDEVID), (16 bytes).
    Removing stm32f1xx_hal.o(i.HAL_GetHalVersion), (8 bytes).
    Removing stm32f1xx_hal.o(i.HAL_GetREVID), (28 bytes).
    Removing stm32f1xx_hal.o(i.HAL_MspDeInit), (2 bytes).
    Removing stm32f1xx_hal.o(i.HAL_MspInit), (2 bytes).
    Removing stm32f1xx_hal.o(i.HAL_ResumeTick), (14 bytes).
    Removing stm32f1xx_hal.o(i.HAL_SuspendTick), (14 bytes).
    Removing stm32f1xx_hal_dac.o(.rev16_text), (4 bytes).
    Removing stm32f1xx_hal_dac.o(.revsh_text), (4 bytes).
    Removing stm32f1xx_hal_dac.o(.rrx_text), (6 bytes).
    Removing stm32f1xx_hal_dac.o(i.DAC_DMAConvCpltCh1), (16 bytes).
    Removing stm32f1xx_hal_dac.o(i.DAC_DMAErrorCh1), (24 bytes).
    Removing stm32f1xx_hal_dac.o(i.DAC_DMAHalfConvCpltCh1), (10 bytes).
    Removing stm32f1xx_hal_dac.o(i.HAL_DAC_ConvCpltCallbackCh1), (2 bytes).
    Removing stm32f1xx_hal_dac.o(i.HAL_DAC_ConvHalfCpltCallbackCh1), (2 bytes).
    Removing stm32f1xx_hal_dac.o(i.HAL_DAC_DeInit), (108 bytes).
    Removing stm32f1xx_hal_dac.o(i.HAL_DAC_ErrorCallbackCh1), (2 bytes).
    Removing stm32f1xx_hal_dac.o(i.HAL_DAC_GetError), (4 bytes).
    Removing stm32f1xx_hal_dac.o(i.HAL_DAC_GetState), (4 bytes).
    Removing stm32f1xx_hal_dac.o(i.HAL_DAC_GetValue), (88 bytes).
    Removing stm32f1xx_hal_dac.o(i.HAL_DAC_MspDeInit), (2 bytes).
    Removing stm32f1xx_hal_dac.o(i.HAL_DAC_MspInit), (2 bytes).
    Removing stm32f1xx_hal_dac.o(i.HAL_DAC_Start), (156 bytes).
    Removing stm32f1xx_hal_dac.o(i.HAL_DAC_Start_DMA), (308 bytes).
    Removing stm32f1xx_hal_dac.o(i.HAL_DAC_Stop), (100 bytes).
    Removing stm32f1xx_hal_dac.o(i.HAL_DAC_Stop_DMA), (132 bytes).
    Removing stm32f1xx_hal_dma.o(.rev16_text), (4 bytes).
    Removing stm32f1xx_hal_dma.o(.revsh_text), (4 bytes).
    Removing stm32f1xx_hal_dma.o(.rrx_text), (6 bytes).
    Removing stm32f1xx_hal_dma.o(i.DMA_SetConfig), (30 bytes).
    Removing stm32f1xx_hal_dma.o(i.HAL_DMA_Abort), (86 bytes).
    Removing stm32f1xx_hal_dma.o(i.HAL_DMA_DeInit), (832 bytes).
    Removing stm32f1xx_hal_dma.o(i.HAL_DMA_GetError), (4 bytes).
    Removing stm32f1xx_hal_dma.o(i.HAL_DMA_GetState), (6 bytes).
    Removing stm32f1xx_hal_dma.o(i.HAL_DMA_IRQHandler), (1208 bytes).
    Removing stm32f1xx_hal_dma.o(i.HAL_DMA_Init), (400 bytes).
    Removing stm32f1xx_hal_dma.o(i.HAL_DMA_PollForTransfer), (1148 bytes).
    Removing stm32f1xx_hal_dma.o(i.HAL_DMA_Start), (152 bytes).
    Removing stm32f1xx_hal_dma.o(i.HAL_DMA_Start_IT), (180 bytes).
    Removing stm32f1xx_hal_tim_ex.o(.rev16_text), (4 bytes).
    Removing stm32f1xx_hal_tim_ex.o(.revsh_text), (4 bytes).
    Removing stm32f1xx_hal_tim_ex.o(.rrx_text), (6 bytes).
    Removing stm32f1xx_hal_tim_ex.o(i.HAL_TIMEx_ConfigBreakDeadTime), (308 bytes).
    Removing stm32f1xx_hal_tim_ex.o(i.HAL_TIMEx_ConfigCommutationEvent), (220 bytes).
    Removing stm32f1xx_hal_tim_ex.o(i.HAL_TIMEx_ConfigCommutationEvent_DMA), (252 bytes).
    Removing stm32f1xx_hal_tim_ex.o(i.HAL_TIMEx_ConfigCommutationEvent_IT), (232 bytes).
    Removing stm32f1xx_hal_tim_ex.o(i.HAL_TIMEx_HallSensor_DeInit), (264 bytes).
    Removing stm32f1xx_hal_tim_ex.o(i.HAL_TIMEx_HallSensor_GetState), (6 bytes).
    Removing stm32f1xx_hal_tim_ex.o(i.HAL_TIMEx_HallSensor_Init), (424 bytes).
    Removing stm32f1xx_hal_tim_ex.o(i.HAL_TIMEx_HallSensor_MspDeInit), (2 bytes).
    Removing stm32f1xx_hal_tim_ex.o(i.HAL_TIMEx_HallSensor_MspInit), (2 bytes).
    Removing stm32f1xx_hal_tim_ex.o(i.HAL_TIMEx_HallSensor_Start), (156 bytes).
    Removing stm32f1xx_hal_tim_ex.o(i.HAL_TIMEx_HallSensor_Start_DMA), (232 bytes).
    Removing stm32f1xx_hal_tim_ex.o(i.HAL_TIMEx_HallSensor_Start_IT), (168 bytes).
    Removing stm32f1xx_hal_tim_ex.o(i.HAL_TIMEx_HallSensor_Stop), (176 bytes).
    Removing stm32f1xx_hal_tim_ex.o(i.HAL_TIMEx_HallSensor_Stop_DMA), (184 bytes).
    Removing stm32f1xx_hal_tim_ex.o(i.HAL_TIMEx_HallSensor_Stop_IT), (184 bytes).
    Removing stm32f1xx_hal_tim_ex.o(i.HAL_TIMEx_OCN_Start), (152 bytes).
    Removing stm32f1xx_hal_tim_ex.o(i.HAL_TIMEx_OCN_Start_DMA), (344 bytes).
    Removing stm32f1xx_hal_tim_ex.o(i.HAL_TIMEx_OCN_Start_IT), (220 bytes).
    Removing stm32f1xx_hal_tim_ex.o(i.HAL_TIMEx_OCN_Stop), (184 bytes).
    Removing stm32f1xx_hal_tim_ex.o(i.HAL_TIMEx_OCN_Stop_DMA), (248 bytes).
    Removing stm32f1xx_hal_tim_ex.o(i.HAL_TIMEx_OCN_Stop_IT), (256 bytes).
    Removing stm32f1xx_hal_tim_ex.o(i.HAL_TIMEx_OnePulseN_Start), (144 bytes).
    Removing stm32f1xx_hal_tim_ex.o(i.HAL_TIMEx_OnePulseN_Start_IT), (164 bytes).
    Removing stm32f1xx_hal_tim_ex.o(i.HAL_TIMEx_OnePulseN_Stop), (184 bytes).
    Removing stm32f1xx_hal_tim_ex.o(i.HAL_TIMEx_OnePulseN_Stop_IT), (204 bytes).
    Removing stm32f1xx_hal_tim_ex.o(i.HAL_TIMEx_PWMN_Start), (152 bytes).
    Removing stm32f1xx_hal_tim_ex.o(i.HAL_TIMEx_PWMN_Start_DMA), (344 bytes).
    Removing stm32f1xx_hal_tim_ex.o(i.HAL_TIMEx_PWMN_Start_IT), (220 bytes).
    Removing stm32f1xx_hal_tim_ex.o(i.HAL_TIMEx_PWMN_Stop), (184 bytes).
    Removing stm32f1xx_hal_tim_ex.o(i.HAL_TIMEx_PWMN_Stop_DMA), (248 bytes).
    Removing stm32f1xx_hal_tim_ex.o(i.HAL_TIMEx_PWMN_Stop_IT), (256 bytes).
    Removing stm32f1xx_hal_tim_ex.o(i.TIMEx_DMACommutationCplt), (16 bytes).
    Removing stm32f1xx_hal_tim_ex.o(i.TIM_CCxNChannelCmd), (22 bytes).
    Removing stm32f1xx_hal_tim.o(.rev16_text), (4 bytes).
    Removing stm32f1xx_hal_tim.o(.revsh_text), (4 bytes).
    Removing stm32f1xx_hal_tim.o(.rrx_text), (6 bytes).
    Removing stm32f1xx_hal_tim.o(i.HAL_TIM_Base_DeInit), (260 bytes).
    Removing stm32f1xx_hal_tim.o(i.HAL_TIM_Base_GetState), (6 bytes).
    Removing stm32f1xx_hal_tim.o(i.HAL_TIM_Base_MspDeInit), (2 bytes).
    Removing stm32f1xx_hal_tim.o(i.HAL_TIM_Base_MspInit), (2 bytes).
    Removing stm32f1xx_hal_tim.o(i.HAL_TIM_Base_Start), (236 bytes).
    Removing stm32f1xx_hal_tim.o(i.HAL_TIM_Base_Start_DMA), (240 bytes).
    Removing stm32f1xx_hal_tim.o(i.HAL_TIM_Base_Start_IT), (232 bytes).
    Removing stm32f1xx_hal_tim.o(i.HAL_TIM_Base_Stop), (252 bytes).
    Removing stm32f1xx_hal_tim.o(i.HAL_TIM_Base_Stop_DMA), (196 bytes).
    Removing stm32f1xx_hal_tim.o(i.HAL_TIM_Base_Stop_IT), (252 bytes).
    Removing stm32f1xx_hal_tim.o(i.HAL_TIM_ConfigClockSource), (1184 bytes).
    Removing stm32f1xx_hal_tim.o(i.HAL_TIM_ConfigOCrefClear), (556 bytes).
    Removing stm32f1xx_hal_tim.o(i.HAL_TIM_ConfigTI1Input), (164 bytes).
    Removing stm32f1xx_hal_tim.o(i.HAL_TIM_DMABurst_ReadStart), (600 bytes).
    Removing stm32f1xx_hal_tim.o(i.HAL_TIM_DMABurst_ReadStop), (172 bytes).
    Removing stm32f1xx_hal_tim.o(i.HAL_TIM_DMABurst_WriteStart), (600 bytes).
    Removing stm32f1xx_hal_tim.o(i.HAL_TIM_DMABurst_WriteStop), (172 bytes).
    Removing stm32f1xx_hal_tim.o(i.HAL_TIM_Encoder_DeInit), (260 bytes).
    Removing stm32f1xx_hal_tim.o(i.HAL_TIM_Encoder_GetState), (6 bytes).
    Removing stm32f1xx_hal_tim.o(i.HAL_TIM_Encoder_Init), (500 bytes).
    Removing stm32f1xx_hal_tim.o(i.HAL_TIM_Encoder_MspDeInit), (2 bytes).
    Removing stm32f1xx_hal_tim.o(i.HAL_TIM_Encoder_MspInit), (2 bytes).
    Removing stm32f1xx_hal_tim.o(i.HAL_TIM_Encoder_Start), (200 bytes).
    Removing stm32f1xx_hal_tim.o(i.HAL_TIM_Encoder_Start_DMA), (416 bytes).
    Removing stm32f1xx_hal_tim.o(i.HAL_TIM_Encoder_Start_IT), (240 bytes).
    Removing stm32f1xx_hal_tim.o(i.HAL_TIM_Encoder_Stop), (216 bytes).
    Removing stm32f1xx_hal_tim.o(i.HAL_TIM_Encoder_Stop_DMA), (244 bytes).
    Removing stm32f1xx_hal_tim.o(i.HAL_TIM_Encoder_Stop_IT), (264 bytes).
    Removing stm32f1xx_hal_tim.o(i.HAL_TIM_ErrorCallback), (2 bytes).
    Removing stm32f1xx_hal_tim.o(i.HAL_TIM_GenerateEvent), (264 bytes).
    Removing stm32f1xx_hal_tim.o(i.HAL_TIM_IC_ConfigChannel), (696 bytes).
    Removing stm32f1xx_hal_tim.o(i.HAL_TIM_IC_DeInit), (260 bytes).
    Removing stm32f1xx_hal_tim.o(i.HAL_TIM_IC_GetState), (6 bytes).
    Removing stm32f1xx_hal_tim.o(i.HAL_TIM_IC_Init), (316 bytes).
    Removing stm32f1xx_hal_tim.o(i.HAL_TIM_IC_MspDeInit), (2 bytes).
    Removing stm32f1xx_hal_tim.o(i.HAL_TIM_IC_MspInit), (2 bytes).
    Removing stm32f1xx_hal_tim.o(i.HAL_TIM_IC_Start), (332 bytes).
    Removing stm32f1xx_hal_tim.o(i.HAL_TIM_IC_Start_DMA), (572 bytes).
    Removing stm32f1xx_hal_tim.o(i.HAL_TIM_IC_Start_IT), (384 bytes).
    Removing stm32f1xx_hal_tim.o(i.HAL_TIM_IC_Stop), (348 bytes).
    Removing stm32f1xx_hal_tim.o(i.HAL_TIM_IC_Stop_DMA), (460 bytes).
    Removing stm32f1xx_hal_tim.o(i.HAL_TIM_IC_Stop_IT), (404 bytes).
    Removing stm32f1xx_hal_tim.o(i.HAL_TIM_OC_ConfigChannel), (512 bytes).
    Removing stm32f1xx_hal_tim.o(i.HAL_TIM_OC_DeInit), (260 bytes).
    Removing stm32f1xx_hal_tim.o(i.HAL_TIM_OC_GetState), (6 bytes).
    Removing stm32f1xx_hal_tim.o(i.HAL_TIM_OC_Init), (316 bytes).
    Removing stm32f1xx_hal_tim.o(i.HAL_TIM_OC_MspDeInit), (2 bytes).
    Removing stm32f1xx_hal_tim.o(i.HAL_TIM_OC_MspInit), (2 bytes).
    Removing stm32f1xx_hal_tim.o(i.HAL_TIM_OC_Start), (352 bytes).
    Removing stm32f1xx_hal_tim.o(i.HAL_TIM_OC_Start_DMA), (548 bytes).
    Removing stm32f1xx_hal_tim.o(i.HAL_TIM_OC_Start_IT), (408 bytes).
    Removing stm32f1xx_hal_tim.o(i.HAL_TIM_OC_Stop), (384 bytes).
    Removing stm32f1xx_hal_tim.o(i.HAL_TIM_OC_Stop_DMA), (444 bytes).
    Removing stm32f1xx_hal_tim.o(i.HAL_TIM_OC_Stop_IT), (440 bytes).
    Removing stm32f1xx_hal_tim.o(i.HAL_TIM_OnePulse_ConfigChannel), (632 bytes).
    Removing stm32f1xx_hal_tim.o(i.HAL_TIM_OnePulse_DeInit), (260 bytes).
    Removing stm32f1xx_hal_tim.o(i.HAL_TIM_OnePulse_GetState), (6 bytes).
    Removing stm32f1xx_hal_tim.o(i.HAL_TIM_OnePulse_Init), (352 bytes).
    Removing stm32f1xx_hal_tim.o(i.HAL_TIM_OnePulse_MspDeInit), (2 bytes).
    Removing stm32f1xx_hal_tim.o(i.HAL_TIM_OnePulse_MspInit), (2 bytes).
    Removing stm32f1xx_hal_tim.o(i.HAL_TIM_OnePulse_Start), (60 bytes).
    Removing stm32f1xx_hal_tim.o(i.HAL_TIM_OnePulse_Start_IT), (80 bytes).
    Removing stm32f1xx_hal_tim.o(i.HAL_TIM_OnePulse_Stop), (100 bytes).
    Removing stm32f1xx_hal_tim.o(i.HAL_TIM_OnePulse_Stop_IT), (120 bytes).
    Removing stm32f1xx_hal_tim.o(i.HAL_TIM_PWM_ConfigChannel), (636 bytes).
    Removing stm32f1xx_hal_tim.o(i.HAL_TIM_PWM_DeInit), (260 bytes).
    Removing stm32f1xx_hal_tim.o(i.HAL_TIM_PWM_GetState), (6 bytes).
    Removing stm32f1xx_hal_tim.o(i.HAL_TIM_PWM_Init), (316 bytes).
    Removing stm32f1xx_hal_tim.o(i.HAL_TIM_PWM_MspDeInit), (2 bytes).
    Removing stm32f1xx_hal_tim.o(i.HAL_TIM_PWM_MspInit), (2 bytes).
    Removing stm32f1xx_hal_tim.o(i.HAL_TIM_PWM_Start), (352 bytes).
    Removing stm32f1xx_hal_tim.o(i.HAL_TIM_PWM_Start_DMA), (548 bytes).
    Removing stm32f1xx_hal_tim.o(i.HAL_TIM_PWM_Start_IT), (408 bytes).
    Removing stm32f1xx_hal_tim.o(i.HAL_TIM_PWM_Stop), (388 bytes).
    Removing stm32f1xx_hal_tim.o(i.HAL_TIM_PWM_Stop_DMA), (444 bytes).
    Removing stm32f1xx_hal_tim.o(i.HAL_TIM_PWM_Stop_IT), (440 bytes).
    Removing stm32f1xx_hal_tim.o(i.HAL_TIM_ReadCapturedValue), (380 bytes).
    Removing stm32f1xx_hal_tim.o(i.HAL_TIM_SlaveConfigSynchronization), (276 bytes).
    Removing stm32f1xx_hal_tim.o(i.HAL_TIM_SlaveConfigSynchronization_IT), (276 bytes).
    Removing stm32f1xx_hal_tim.o(i.TIM_CCxChannelCmd), (240 bytes).
    Removing stm32f1xx_hal_tim.o(i.TIM_DMACaptureCplt), (62 bytes).
    Removing stm32f1xx_hal_tim.o(i.TIM_DMADelayPulseCplt), (62 bytes).
    Removing stm32f1xx_hal_tim.o(i.TIM_DMAError), (16 bytes).
    Removing stm32f1xx_hal_tim.o(i.TIM_DMAPeriodElapsedCplt), (16 bytes).
    Removing stm32f1xx_hal_tim.o(i.TIM_DMATriggerCplt), (16 bytes).
    Removing stm32f1xx_hal_tim.o(i.TIM_ETR_SetConfig), (20 bytes).
    Removing stm32f1xx_hal_tim.o(i.TIM_ITRx_SetConfig), (16 bytes).
    Removing stm32f1xx_hal_tim.o(i.TIM_OC1_SetConfig), (228 bytes).
    Removing stm32f1xx_hal_tim.o(i.TIM_OC2_SetConfig), (236 bytes).
    Removing stm32f1xx_hal_tim.o(i.TIM_OC3_SetConfig), (236 bytes).
    Removing stm32f1xx_hal_tim.o(i.TIM_OC4_SetConfig), (164 bytes).
    Removing stm32f1xx_hal_tim.o(i.TIM_SlaveTimer_SetConfig), (832 bytes).
    Removing stm32f1xx_hal_tim.o(i.TIM_TI1_ConfigInputStage), (34 bytes).
    Removing stm32f1xx_hal_tim.o(i.TIM_TI1_SetConfig), (128 bytes).
    Removing stm32f1xx_hal_tim.o(i.TIM_TI2_ConfigInputStage), (36 bytes).
    Removing stm32f1xx_hal_tim.o(i.TIM_TI2_SetConfig), (54 bytes).
    Removing stm32f1xx_hal_rcc.o(.rev16_text), (4 bytes).
    Removing stm32f1xx_hal_rcc.o(.revsh_text), (4 bytes).
    Removing stm32f1xx_hal_rcc.o(.rrx_text), (6 bytes).
    Removing stm32f1xx_hal_rcc.o(i.HAL_RCC_CSSCallback), (2 bytes).
    Removing stm32f1xx_hal_rcc.o(i.HAL_RCC_DeInit), (84 bytes).
    Removing stm32f1xx_hal_rcc.o(i.HAL_RCC_DisableCSS), (28 bytes).
    Removing stm32f1xx_hal_rcc.o(i.HAL_RCC_EnableCSS), (24 bytes).
    Removing stm32f1xx_hal_rcc.o(i.HAL_RCC_GetClockConfig), (148 bytes).
    Removing stm32f1xx_hal_rcc.o(i.HAL_RCC_GetOscConfig), (228 bytes).
    Removing stm32f1xx_hal_rcc.o(i.HAL_RCC_GetPCLK1Freq), (48 bytes).
    Removing stm32f1xx_hal_rcc.o(i.HAL_RCC_GetPCLK2Freq), (48 bytes).
    Removing stm32f1xx_hal_rcc.o(i.HAL_RCC_MCOConfig), (200 bytes).
    Removing stm32f1xx_hal_rcc.o(i.HAL_RCC_NMI_IRQHandler), (24 bytes).
    Removing stm32f1xx_hal_cortex.o(.rev16_text), (4 bytes).
    Removing stm32f1xx_hal_cortex.o(.revsh_text), (4 bytes).
    Removing stm32f1xx_hal_cortex.o(.rrx_text), (6 bytes).
    Removing stm32f1xx_hal_cortex.o(i.HAL_MPU_ConfigRegion), (480 bytes).
    Removing stm32f1xx_hal_cortex.o(i.HAL_NVIC_ClearPendingIRQ), (22 bytes).
    Removing stm32f1xx_hal_cortex.o(i.HAL_NVIC_DisableIRQ), (96 bytes).
    Removing stm32f1xx_hal_cortex.o(i.HAL_NVIC_GetActive), (32 bytes).
    Removing stm32f1xx_hal_cortex.o(i.HAL_NVIC_GetPendingIRQ), (32 bytes).
    Removing stm32f1xx_hal_cortex.o(i.HAL_NVIC_GetPriority), (184 bytes).
    Removing stm32f1xx_hal_cortex.o(i.HAL_NVIC_GetPriorityGrouping), (16 bytes).
    Removing stm32f1xx_hal_cortex.o(i.HAL_NVIC_SetPendingIRQ), (22 bytes).
    Removing stm32f1xx_hal_cortex.o(i.HAL_NVIC_SystemReset), (36 bytes).
    Removing stm32f1xx_hal_pwr.o(.rev16_text), (4 bytes).
    Removing stm32f1xx_hal_pwr.o(.revsh_text), (4 bytes).
    Removing stm32f1xx_hal_pwr.o(.rrx_text), (6 bytes).
    Removing stm32f1xx_hal_pwr.o(i.HAL_PWR_ConfigPVD), (280 bytes).
    Removing stm32f1xx_hal_pwr.o(i.HAL_PWR_DeInit), (24 bytes).
    Removing stm32f1xx_hal_pwr.o(i.HAL_PWR_DisableBkUpAccess), (28 bytes).
    Removing stm32f1xx_hal_pwr.o(i.HAL_PWR_DisablePVD), (24 bytes).
    Removing stm32f1xx_hal_pwr.o(i.HAL_PWR_DisableSEVOnPend), (16 bytes).
    Removing stm32f1xx_hal_pwr.o(i.HAL_PWR_DisableSleepOnExit), (16 bytes).
    Removing stm32f1xx_hal_pwr.o(i.HAL_PWR_DisableWakeUpPin), (104 bytes).
    Removing stm32f1xx_hal_pwr.o(i.HAL_PWR_EnableBkUpAccess), (24 bytes).
    Removing stm32f1xx_hal_pwr.o(i.HAL_PWR_EnablePVD), (24 bytes).
    Removing stm32f1xx_hal_pwr.o(i.HAL_PWR_EnableSEVOnPend), (16 bytes).
    Removing stm32f1xx_hal_pwr.o(i.HAL_PWR_EnableSleepOnExit), (16 bytes).
    Removing stm32f1xx_hal_pwr.o(i.HAL_PWR_EnableWakeUpPin), (104 bytes).
    Removing stm32f1xx_hal_pwr.o(i.HAL_PWR_EnterSLEEPMode), (108 bytes).
    Removing stm32f1xx_hal_pwr.o(i.HAL_PWR_EnterSTANDBYMode), (32 bytes).
    Removing stm32f1xx_hal_pwr.o(i.HAL_PWR_EnterSTOPMode), (164 bytes).
    Removing stm32f1xx_hal_pwr.o(i.HAL_PWR_PVDCallback), (2 bytes).
    Removing stm32f1xx_hal_pwr.o(i.HAL_PWR_PVD_IRQHandler), (28 bytes).
    Removing stm32f1xx_hal_pwr.o(i.PWR_OverloadWfe), (6 bytes).
    Removing stm32f1xx_hal_flash.o(.rev16_text), (4 bytes).
    Removing stm32f1xx_hal_flash.o(.revsh_text), (4 bytes).
    Removing stm32f1xx_hal_flash.o(.rrx_text), (6 bytes).
    Removing stm32f1xx_hal_flash.o(i.FLASH_Program_HalfWord), (48 bytes).
    Removing stm32f1xx_hal_flash.o(i.FLASH_SetErrorCode), (84 bytes).
    Removing stm32f1xx_hal_flash.o(i.FLASH_WaitForLastOperation), (84 bytes).
    Removing stm32f1xx_hal_flash.o(i.FLASH_WaitForLastOperationBank2), (80 bytes).
    Removing stm32f1xx_hal_flash.o(i.HAL_FLASH_EndOfOperationCallback), (2 bytes).
    Removing stm32f1xx_hal_flash.o(i.HAL_FLASH_GetError), (12 bytes).
    Removing stm32f1xx_hal_flash.o(i.HAL_FLASH_IRQHandler), (488 bytes).
    Removing stm32f1xx_hal_flash.o(i.HAL_FLASH_Lock), (28 bytes).
    Removing stm32f1xx_hal_flash.o(i.HAL_FLASH_OB_Launch), (10 bytes).
    Removing stm32f1xx_hal_flash.o(i.HAL_FLASH_OB_Lock), (20 bytes).
    Removing stm32f1xx_hal_flash.o(i.HAL_FLASH_OB_Unlock), (36 bytes).
    Removing stm32f1xx_hal_flash.o(i.HAL_FLASH_OperationErrorCallback), (2 bytes).
    Removing stm32f1xx_hal_flash.o(i.HAL_FLASH_Program), (292 bytes).
    Removing stm32f1xx_hal_flash.o(i.HAL_FLASH_Program_IT), (268 bytes).
    Removing stm32f1xx_hal_flash.o(i.HAL_FLASH_Unlock), (48 bytes).
    Removing stm32f1xx_hal_flash.o(.bss), (32 bytes).
    Removing stm32f1xx_hal_flash_ex.o(.rev16_text), (4 bytes).
    Removing stm32f1xx_hal_flash_ex.o(.revsh_text), (4 bytes).
    Removing stm32f1xx_hal_flash_ex.o(.rrx_text), (6 bytes).
    Removing stm32f1xx_hal_flash_ex.o(i.FLASH_MassErase), (176 bytes).
    Removing stm32f1xx_hal_flash_ex.o(i.FLASH_OB_DisableWRP), (256 bytes).
    Removing stm32f1xx_hal_flash_ex.o(i.FLASH_OB_EnableWRP), (256 bytes).
    Removing stm32f1xx_hal_flash_ex.o(i.FLASH_OB_GetRDP), (24 bytes).
    Removing stm32f1xx_hal_flash_ex.o(i.FLASH_OB_ProgramData), (156 bytes).
    Removing stm32f1xx_hal_flash_ex.o(i.FLASH_OB_RDP_LevelConfig), (180 bytes).
    Removing stm32f1xx_hal_flash_ex.o(i.FLASH_OB_UserConfig), (68 bytes).
    Removing stm32f1xx_hal_flash_ex.o(i.FLASH_PageErase), (68 bytes).
    Removing stm32f1xx_hal_flash_ex.o(i.HAL_FLASHEx_Erase), (540 bytes).
    Removing stm32f1xx_hal_flash_ex.o(i.HAL_FLASHEx_Erase_IT), (304 bytes).
    Removing stm32f1xx_hal_flash_ex.o(i.HAL_FLASHEx_OBErase), (84 bytes).
    Removing stm32f1xx_hal_flash_ex.o(i.HAL_FLASHEx_OBGetConfig), (48 bytes).
    Removing stm32f1xx_hal_flash_ex.o(i.HAL_FLASHEx_OBGetUserData), (48 bytes).
    Removing stm32f1xx_hal_flash_ex.o(i.HAL_FLASHEx_OBProgram), (224 bytes).
    Removing stm32f1xx_hal_rcc_ex.o(.rev16_text), (4 bytes).
    Removing stm32f1xx_hal_rcc_ex.o(.revsh_text), (4 bytes).
    Removing stm32f1xx_hal_rcc_ex.o(.rrx_text), (6 bytes).
    Removing stm32f1xx_hal_rcc_ex.o(i.HAL_RCCEx_GetPeriphCLKConfig), (52 bytes).
    Removing stm32f1xx_hal_rcc_ex.o(i.HAL_RCCEx_GetPeriphCLKFreq), (348 bytes).
    Removing stm32f1xx_hal_rcc_ex.o(i.HAL_RCCEx_PeriphCLKConfig), (480 bytes).
    Removing stm32f1xx_hal_gpio.o(.rev16_text), (4 bytes).
    Removing stm32f1xx_hal_gpio.o(.revsh_text), (4 bytes).
    Removing stm32f1xx_hal_gpio.o(.rrx_text), (6 bytes).
    Removing stm32f1xx_hal_gpio.o(i.HAL_GPIO_DeInit), (416 bytes).
    Removing stm32f1xx_hal_gpio.o(i.HAL_GPIO_EXTI_Callback), (2 bytes).
    Removing stm32f1xx_hal_gpio.o(i.HAL_GPIO_EXTI_IRQHandler), (24 bytes).
    Removing stm32f1xx_hal_gpio.o(i.HAL_GPIO_LockPin), (196 bytes).
    Removing stm32f1xx_hal_gpio.o(i.HAL_GPIO_ReadPin), (88 bytes).
    Removing stm32f1xx_hal_gpio.o(i.HAL_GPIO_TogglePin), (88 bytes).
    Removing stm32f1xx_hal_gpio.o(i.HAL_GPIO_WritePin), (108 bytes).
    Removing stm32f1xx_hal_gpio_ex.o(.rev16_text), (4 bytes).
    Removing stm32f1xx_hal_gpio_ex.o(.revsh_text), (4 bytes).
    Removing stm32f1xx_hal_gpio_ex.o(.rrx_text), (6 bytes).
    Removing stm32f1xx_hal_gpio_ex.o(i.HAL_GPIOEx_ConfigEventout), (184 bytes).
    Removing stm32f1xx_hal_gpio_ex.o(i.HAL_GPIOEx_DisableEventout), (16 bytes).
    Removing stm32f1xx_hal_gpio_ex.o(i.HAL_GPIOEx_EnableEventout), (16 bytes).
    Removing stm32f1xx_hal_dac_ex.o(.rev16_text), (4 bytes).
    Removing stm32f1xx_hal_dac_ex.o(.revsh_text), (4 bytes).
    Removing stm32f1xx_hal_dac_ex.o(.rrx_text), (6 bytes).
    Removing stm32f1xx_hal_dac_ex.o(i.DAC_DMAConvCpltCh2), (16 bytes).
    Removing stm32f1xx_hal_dac_ex.o(i.DAC_DMAErrorCh2), (24 bytes).
    Removing stm32f1xx_hal_dac_ex.o(i.DAC_DMAHalfConvCpltCh2), (10 bytes).
    Removing stm32f1xx_hal_dac_ex.o(i.HAL_DACEx_ConvCpltCallbackCh2), (2 bytes).
    Removing stm32f1xx_hal_dac_ex.o(i.HAL_DACEx_ConvHalfCpltCallbackCh2), (2 bytes).
    Removing stm32f1xx_hal_dac_ex.o(i.HAL_DACEx_DualGetValue), (12 bytes).
    Removing stm32f1xx_hal_dac_ex.o(i.HAL_DACEx_DualSetValue), (148 bytes).
    Removing stm32f1xx_hal_dac_ex.o(i.HAL_DACEx_ErrorCallbackCh2), (2 bytes).
    Removing stm32f1xx_hal_dac_ex.o(i.HAL_DACEx_NoiseWaveGenerate), (208 bytes).
    Removing stm32f1xx_hal_dac_ex.o(i.HAL_DACEx_TriangleWaveGenerate), (208 bytes).
    Removing modsin.o(i._ZN6SIN_cl12SIN_set_freqEh), (10 bytes).
    Removing modsin.o(i._ZN6SIN_cl6getErrEv), (4 bytes).
    Removing modsin.o(.ARM.exidx), (8 bytes).
    Removing modsin.o(.ARM.exidx), (8 bytes).
    Removing modsin.o(.ARM.exidx), (8 bytes).
    Removing modsin.o(.ARM.exidx), (8 bytes).
    Removing modsin.o(.ARM.exidx), (8 bytes).
    Removing halsin.o(.rev16_text), (4 bytes).
    Removing halsin.o(.revsh_text), (4 bytes).
    Removing halsin.o(.rrx_text), (6 bytes).
    Removing halsin.o(i._Z7confDACv), (12 bytes).
    Removing halsin.o(.ARM.exidx), (8 bytes).
    Removing halsin.o(.ARM.exidx), (8 bytes).
    Removing system_stm32f1xx.o(.rev16_text), (4 bytes).
    Removing system_stm32f1xx.o(.revsh_text), (4 bytes).
    Removing system_stm32f1xx.o(.rrx_text), (6 bytes).
    Removing system_stm32f1xx.o(i.SystemCoreClockUpdate), (112 bytes).
    Removing system_stm32f1xx.o(.constdata), (8 bytes).
    Removing gpio.o(.rev16_text), (4 bytes).
    Removing gpio.o(.revsh_text), (4 bytes).
    Removing gpio.o(.rrx_text), (6 bytes).
    Removing stm32f1xx_hal_msp.o(.rev16_text), (4 bytes).
    Removing stm32f1xx_hal_msp.o(.revsh_text), (4 bytes).
    Removing stm32f1xx_hal_msp.o(.rrx_text), (6 bytes).
    Removing stm32f1xx_it.o(.rev16_text), (4 bytes).
    Removing stm32f1xx_it.o(.revsh_text), (4 bytes).
    Removing stm32f1xx_it.o(.rrx_text), (6 bytes).
    Removing stm32f1xx_it.o(.ARM.exidx), (8 bytes).
    Removing stm32f1xx_it.o(.ARM.exidx), (8 bytes).
    Removing stm32f1xx_it.o(.ARM.exidx), (8 bytes).
    Removing stm32f1xx_it.o(.ARM.exidx), (8 bytes).
    Removing stm32f1xx_it.o(.ARM.exidx), (8 bytes).
    Removing stm32f1xx_it.o(.ARM.exidx), (8 bytes).
    Removing stm32f1xx_it.o(.ARM.exidx), (8 bytes).
    Removing stm32f1xx_it.o(.ARM.exidx), (8 bytes).
    Removing stm32f1xx_it.o(.ARM.exidx), (8 bytes).
    Removing stm32f1xx_it.o(.ARM.exidx), (8 bytes).
    Removing tim.o(.rev16_text), (4 bytes).
    Removing tim.o(.revsh_text), (4 bytes).
    Removing tim.o(.rrx_text), (6 bytes).
    Removing tim.o(i.HAL_TIM_Base_MspDeInit), (36 bytes).
    Removing dac.o(.rev16_text), (4 bytes).
    Removing dac.o(.revsh_text), (4 bytes).
    Removing dac.o(.rrx_text), (6 bytes).
    Removing dac.o(i.HAL_DAC_MspDeInit), (40 bytes).
    Removing main.o(.rev16_text), (4 bytes).
    Removing main.o(.revsh_text), (4 bytes).
    Removing main.o(.rrx_text), (6 bytes).
    Removing main.o(.ARM.exidx), (8 bytes).
    Removing main.o(.ARM.exidx), (8 bytes).
    Removing main.o(.ARM.exidx), (8 bytes).
    Removing main.o(.ARM.exidx), (8 bytes).
    Removing main.o(.ARM.exidx), (8 bytes).

354 unused section(s) (total 45604 bytes) removed from the image.

==============================================================================

Image Symbol Table

    Local Symbols

    Symbol Name                              Value     Ov Type        Size  Object(Section)

    ../Drivers/CMSIS//Device/ST/STM32F1xx/Source/Templates/system_stm32f1xx.c 0x00000000   Number         0  system_stm32f1xx.o ABSOLUTE
    ../Drivers/STM32F1xx_HAL_Driver/Src/stm32f1xx_hal.c 0x00000000   Number         0  stm32f1xx_hal.o ABSOLUTE
    ../Drivers/STM32F1xx_HAL_Driver/Src/stm32f1xx_hal_cortex.c 0x00000000   Number         0  stm32f1xx_hal_cortex.o ABSOLUTE
    ../Drivers/STM32F1xx_HAL_Driver/Src/stm32f1xx_hal_dac.c 0x00000000   Number         0  stm32f1xx_hal_dac.o ABSOLUTE
    ../Drivers/STM32F1xx_HAL_Driver/Src/stm32f1xx_hal_dac_ex.c 0x00000000   Number         0  stm32f1xx_hal_dac_ex.o ABSOLUTE
    ../Drivers/STM32F1xx_HAL_Driver/Src/stm32f1xx_hal_dma.c 0x00000000   Number         0  stm32f1xx_hal_dma.o ABSOLUTE
    ../Drivers/STM32F1xx_HAL_Driver/Src/stm32f1xx_hal_flash.c 0x00000000   Number         0  stm32f1xx_hal_flash.o ABSOLUTE
    ../Drivers/STM32F1xx_HAL_Driver/Src/stm32f1xx_hal_flash_ex.c 0x00000000   Number         0  stm32f1xx_hal_flash_ex.o ABSOLUTE
    ../Drivers/STM32F1xx_HAL_Driver/Src/stm32f1xx_hal_gpio.c 0x00000000   Number         0  stm32f1xx_hal_gpio.o ABSOLUTE
    ../Drivers/STM32F1xx_HAL_Driver/Src/stm32f1xx_hal_gpio_ex.c 0x00000000   Number         0  stm32f1xx_hal_gpio_ex.o ABSOLUTE
    ../Drivers/STM32F1xx_HAL_Driver/Src/stm32f1xx_hal_pwr.c 0x00000000   Number         0  stm32f1xx_hal_pwr.o ABSOLUTE
    ../Drivers/STM32F1xx_HAL_Driver/Src/stm32f1xx_hal_rcc.c 0x00000000   Number         0  stm32f1xx_hal_rcc.o ABSOLUTE
    ../Drivers/STM32F1xx_HAL_Driver/Src/stm32f1xx_hal_rcc_ex.c 0x00000000   Number         0  stm32f1xx_hal_rcc_ex.o ABSOLUTE
    ../Drivers/STM32F1xx_HAL_Driver/Src/stm32f1xx_hal_tim.c 0x00000000   Number         0  stm32f1xx_hal_tim.o ABSOLUTE
    ../Drivers/STM32F1xx_HAL_Driver/Src/stm32f1xx_hal_tim_ex.c 0x00000000   Number         0  stm32f1xx_hal_tim_ex.o ABSOLUTE
    ../Src/dac.c                             0x00000000   Number         0  dac.o ABSOLUTE
    ../Src/gpio.c                            0x00000000   Number         0  gpio.o ABSOLUTE
    ../Src/stm32f1xx_hal_msp.c               0x00000000   Number         0  stm32f1xx_hal_msp.o ABSOLUTE
    ../Src/tim.c                             0x00000000   Number         0  tim.o ABSOLUTE
    ../clib/microlib/cpp/cpp_dtor.c          0x00000000   Number         0  cpp_dtor.o ABSOLUTE
    ../clib/microlib/cpp/cpp_final.c         0x00000000   Number         0  cpp_final.o ABSOLUTE
    ../clib/microlib/cpp/cpp_init.c          0x00000000   Number         0  cpp_init.o ABSOLUTE
    ../clib/microlib/cpp/cpp_init.c          0x00000000   Number         0  cpp_init.o ABSOLUTE
    ../clib/microlib/init/entry.s            0x00000000   Number         0  entry7b.o ABSOLUTE
    ../clib/microlib/init/entry.s            0x00000000   Number         0  entry8b.o ABSOLUTE
    ../clib/microlib/init/entry.s            0x00000000   Number         0  entry9a.o ABSOLUTE
    ../clib/microlib/init/entry.s            0x00000000   Number         0  entry10a.o ABSOLUTE
    ../clib/microlib/init/entry.s            0x00000000   Number         0  entry10b.o ABSOLUTE
    ../clib/microlib/init/entry.s            0x00000000   Number         0  entry11a.o ABSOLUTE
    ../clib/microlib/init/entry.s            0x00000000   Number         0  entry9b.o ABSOLUTE
    ../clib/microlib/init/entry.s            0x00000000   Number         0  entry11b.o ABSOLUTE
    ../clib/microlib/init/entry.s            0x00000000   Number         0  entry.o ABSOLUTE
    ../clib/microlib/init/entry.s            0x00000000   Number         0  entry7a.o ABSOLUTE
    ../clib/microlib/init/entry.s            0x00000000   Number         0  entry5.o ABSOLUTE
    ../clib/microlib/init/entry.s            0x00000000   Number         0  entry2.o ABSOLUTE
    ../clib/microlib/init/entry.s            0x00000000   Number         0  entry8a.o ABSOLUTE
    ../clib/microlib/longlong.c              0x00000000   Number         0  llushr.o ABSOLUTE
    ../clib/microlib/malloc/malloc.c         0x00000000   Number         0  malloc.o ABSOLUTE
    ../clib/microlib/malloc/malloc.c         0x00000000   Number         0  mallocr.o ABSOLUTE
    ../clib/microlib/malloc/malloc.c         0x00000000   Number         0  malloca.o ABSOLUTE
    ../clib/microlib/malloc/malloc.c         0x00000000   Number         0  mallocra.o ABSOLUTE
    ../clib/microlib/malloc/mvars.c          0x00000000   Number         0  mvars.o ABSOLUTE
    ../clib/microlib/string/memcpy.c         0x00000000   Number         0  memcpyb.o ABSOLUTE
    ../clib/microlib/string/memcpy.c         0x00000000   Number         0  memcpya.o ABSOLUTE
    ../clib/stdlib.c                         0x00000000   Number         0  cxa_finalize.o ABSOLUTE
    ../clib/stdlib.c                         0x00000000   Number         0  aeabi_atexit.o ABSOLUTE
    ..\Drivers\CMSIS\\Device\ST\STM32F1xx\Source\Templates\system_stm32f1xx.c 0x00000000   Number         0  system_stm32f1xx.o ABSOLUTE
    ..\Drivers\STM32F1xx_HAL_Driver\Src\stm32f1xx_hal.c 0x00000000   Number         0  stm32f1xx_hal.o ABSOLUTE
    ..\Drivers\STM32F1xx_HAL_Driver\Src\stm32f1xx_hal_cortex.c 0x00000000   Number         0  stm32f1xx_hal_cortex.o ABSOLUTE
    ..\Drivers\STM32F1xx_HAL_Driver\Src\stm32f1xx_hal_dac.c 0x00000000   Number         0  stm32f1xx_hal_dac.o ABSOLUTE
    ..\Drivers\STM32F1xx_HAL_Driver\Src\stm32f1xx_hal_dac_ex.c 0x00000000   Number         0  stm32f1xx_hal_dac_ex.o ABSOLUTE
    ..\Drivers\STM32F1xx_HAL_Driver\Src\stm32f1xx_hal_dma.c 0x00000000   Number         0  stm32f1xx_hal_dma.o ABSOLUTE
    ..\Drivers\STM32F1xx_HAL_Driver\Src\stm32f1xx_hal_flash.c 0x00000000   Number         0  stm32f1xx_hal_flash.o ABSOLUTE
    ..\Drivers\STM32F1xx_HAL_Driver\Src\stm32f1xx_hal_flash_ex.c 0x00000000   Number         0  stm32f1xx_hal_flash_ex.o ABSOLUTE
    ..\Drivers\STM32F1xx_HAL_Driver\Src\stm32f1xx_hal_gpio.c 0x00000000   Number         0  stm32f1xx_hal_gpio.o ABSOLUTE
    ..\Drivers\STM32F1xx_HAL_Driver\Src\stm32f1xx_hal_gpio_ex.c 0x00000000   Number         0  stm32f1xx_hal_gpio_ex.o ABSOLUTE
    ..\Drivers\STM32F1xx_HAL_Driver\Src\stm32f1xx_hal_pwr.c 0x00000000   Number         0  stm32f1xx_hal_pwr.o ABSOLUTE
    ..\Drivers\STM32F1xx_HAL_Driver\Src\stm32f1xx_hal_rcc.c 0x00000000   Number         0  stm32f1xx_hal_rcc.o ABSOLUTE
    ..\Drivers\STM32F1xx_HAL_Driver\Src\stm32f1xx_hal_rcc_ex.c 0x00000000   Number         0  stm32f1xx_hal_rcc_ex.o ABSOLUTE
    ..\Drivers\STM32F1xx_HAL_Driver\Src\stm32f1xx_hal_tim.c 0x00000000   Number         0  stm32f1xx_hal_tim.o ABSOLUTE
    ..\Drivers\STM32F1xx_HAL_Driver\Src\stm32f1xx_hal_tim_ex.c 0x00000000   Number         0  stm32f1xx_hal_tim_ex.o ABSOLUTE
    ..\Src\dac.c                             0x00000000   Number         0  dac.o ABSOLUTE
    ..\Src\gpio.c                            0x00000000   Number         0  gpio.o ABSOLUTE
    ..\Src\stm32f1xx_hal_msp.c               0x00000000   Number         0  stm32f1xx_hal_msp.o ABSOLUTE
    ..\Src\tim.c                             0x00000000   Number         0  tim.o ABSOLUTE
    ..\\halSIN\\halSIN.cpp                   0x00000000   Number         0  halsin.o ABSOLUTE
    ..\halSIN\halSIN.cpp                     0x00000000   Number         0  halsin.o ABSOLUTE
    ..\modSIN\modSIN.cpp                     0x00000000   Number         0  modsin.o ABSOLUTE
    dc.s                                     0x00000000   Number         0  dc.o ABSOLUTE
    handlers.s                               0x00000000   Number         0  handlers.o ABSOLUTE
    init.s                                   0x00000000   Number         0  init.o ABSOLUTE
    main.cpp                                 0x00000000   Number         0  main.o ABSOLUTE
    main.cpp                                 0x00000000   Number         0  main.o ABSOLUTE
    startup_stm32f103xg.s                    0x00000000   Number         0  startup_stm32f103xg.o ABSOLUTE
    stm32f1xx_it.cpp                         0x00000000   Number         0  stm32f1xx_it.o ABSOLUTE
    stm32f1xx_it.cpp                         0x00000000   Number         0  stm32f1xx_it.o ABSOLUTE
    RESET                                    0x08000000   Section      304  startup_stm32f103xg.o(RESET)
    .ARM.Collect$$$$00000000                 0x08000130   Section        0  entry.o(.ARM.Collect$$$$00000000)
    .ARM.Collect$$$$00000001                 0x08000130   Section        4  entry2.o(.ARM.Collect$$$$00000001)
    .ARM.Collect$$$$00000004                 0x08000134   Section        4  entry5.o(.ARM.Collect$$$$00000004)
    .ARM.Collect$$$$00000008                 0x08000138   Section        0  entry7b.o(.ARM.Collect$$$$00000008)
    .ARM.Collect$$$$00000009                 0x08000138   Section        4  entry8a.o(.ARM.Collect$$$$00000009)
    .ARM.Collect$$$$0000000A                 0x0800013c   Section        0  entry8b.o(.ARM.Collect$$$$0000000A)
    .ARM.Collect$$$$0000000B                 0x0800013c   Section        8  entry9a.o(.ARM.Collect$$$$0000000B)
    .ARM.Collect$$$$0000000D                 0x08000144   Section        0  entry10a.o(.ARM.Collect$$$$0000000D)
    .ARM.Collect$$$$0000000E                 0x08000144   Section        4  entry10b.o(.ARM.Collect$$$$0000000E)
    .ARM.Collect$$$$0000000F                 0x08000148   Section        0  entry11a.o(.ARM.Collect$$$$0000000F)
    .ARM.Collect$$$$00002712                 0x08000148   Section        4  entry2.o(.ARM.Collect$$$$00002712)
    __lit__00000000                          0x08000148   Data           4  entry2.o(.ARM.Collect$$$$00002712)
    .text                                    0x0800014c   Section       36  startup_stm32f103xg.o(.text)
    .text                                    0x08000170   Section        0  cpp_init.o(.text)
    .text                                    0x08000190   Section        0  aeabi_atexit.o(.text)
    .text                                    0x080001c0   Section        0  cpp_dtor.o(.text)
    .text                                    0x080001c8   Section        0  cxa_finalize.o(.text)
    .text                                    0x0800020c   Section       36  init.o(.text)
    .text                                    0x08000230   Section        0  cpp_final.o(.text)
    i.BusFault_Handler                       0x08000232   Section        0  stm32f1xx_it.o(i.BusFault_Handler)
    i.DebugMon_Handler                       0x08000234   Section        0  stm32f1xx_it.o(i.DebugMon_Handler)
    i.Error_Handler                          0x08000236   Section        0  main.o(i.Error_Handler)
    i.HAL_DAC_ConfigChannel                  0x08000238   Section        0  stm32f1xx_hal_dac.o(i.HAL_DAC_ConfigChannel)
    i.HAL_DAC_Init                           0x08000308   Section        0  stm32f1xx_hal_dac.o(i.HAL_DAC_Init)
    i.HAL_DAC_MspInit                        0x08000380   Section        0  dac.o(i.HAL_DAC_MspInit)
    i.HAL_DAC_SetValue                       0x080003c0   Section        0  stm32f1xx_hal_dac.o(i.HAL_DAC_SetValue)
    i.HAL_Delay                              0x08000454   Section        0  stm32f1xx_hal.o(i.HAL_Delay)
    i.HAL_GPIO_Init                          0x0800046c   Section        0  stm32f1xx_hal_gpio.o(i.HAL_GPIO_Init)
    i.HAL_GetTick                            0x080007b8   Section        0  stm32f1xx_hal.o(i.HAL_GetTick)
    i.HAL_IncTick                            0x080007c4   Section        0  stm32f1xx_hal.o(i.HAL_IncTick)
    i.HAL_Init                               0x080007d4   Section        0  stm32f1xx_hal.o(i.HAL_Init)
    i.HAL_InitTick                           0x080007f8   Section        0  stm32f1xx_hal.o(i.HAL_InitTick)
    i.HAL_MspInit                            0x0800081c   Section        0  stm32f1xx_hal_msp.o(i.HAL_MspInit)
    i.HAL_NVIC_EnableIRQ                     0x0800089c   Section        0  stm32f1xx_hal_cortex.o(i.HAL_NVIC_EnableIRQ)
    i.HAL_NVIC_SetPriority                   0x080008fc   Section        0  stm32f1xx_hal_cortex.o(i.HAL_NVIC_SetPriority)
    i.HAL_NVIC_SetPriorityGrouping           0x0800099c   Section        0  stm32f1xx_hal_cortex.o(i.HAL_NVIC_SetPriorityGrouping)
    i.HAL_RCC_ClockConfig                    0x08000a1c   Section        0  stm32f1xx_hal_rcc.o(i.HAL_RCC_ClockConfig)
    i.HAL_RCC_GetHCLKFreq                    0x08000ca8   Section        0  stm32f1xx_hal_rcc.o(i.HAL_RCC_GetHCLKFreq)
    i.HAL_RCC_GetSysClockFreq                0x08000cb4   Section        0  stm32f1xx_hal_rcc.o(i.HAL_RCC_GetSysClockFreq)
    i.HAL_RCC_OscConfig                      0x08000d3c   Section        0  stm32f1xx_hal_rcc.o(i.HAL_RCC_OscConfig)
    i.HAL_SYSTICK_CLKSourceConfig            0x0800143c   Section        0  stm32f1xx_hal_cortex.o(i.HAL_SYSTICK_CLKSourceConfig)
    i.HAL_SYSTICK_Callback                   0x080014a0   Section        0  stm32f1xx_hal_cortex.o(i.HAL_SYSTICK_Callback)
    i.HAL_SYSTICK_Config                     0x080014a2   Section        0  stm32f1xx_hal_cortex.o(i.HAL_SYSTICK_Config)
    i.HAL_SYSTICK_IRQHandler                 0x080014ca   Section        0  stm32f1xx_hal_cortex.o(i.HAL_SYSTICK_IRQHandler)
    i.HAL_TIMEx_BreakCallback                0x080014d2   Section        0  stm32f1xx_hal_tim_ex.o(i.HAL_TIMEx_BreakCallback)
    i.HAL_TIMEx_CommutationCallback          0x080014d4   Section        0  stm32f1xx_hal_tim_ex.o(i.HAL_TIMEx_CommutationCallback)
    i.HAL_TIMEx_MasterConfigSynchronization  0x080014d8   Section        0  stm32f1xx_hal_tim_ex.o(i.HAL_TIMEx_MasterConfigSynchronization)
    i.HAL_TIM_Base_Init                      0x08001604   Section        0  stm32f1xx_hal_tim.o(i.HAL_TIM_Base_Init)
    i.HAL_TIM_Base_MspInit                   0x08001738   Section        0  tim.o(i.HAL_TIM_Base_MspInit)
    i.HAL_TIM_IC_CaptureCallback             0x08001774   Section        0  stm32f1xx_hal_tim.o(i.HAL_TIM_IC_CaptureCallback)
    i.HAL_TIM_IRQHandler                     0x08001776   Section        0  stm32f1xx_hal_tim.o(i.HAL_TIM_IRQHandler)
    i.HAL_TIM_OC_DelayElapsedCallback        0x080018dc   Section        0  stm32f1xx_hal_tim.o(i.HAL_TIM_OC_DelayElapsedCallback)
    i.HAL_TIM_PWM_PulseFinishedCallback      0x080018de   Section        0  stm32f1xx_hal_tim.o(i.HAL_TIM_PWM_PulseFinishedCallback)
    i.HAL_TIM_PeriodElapsedCallback          0x080018e0   Section        0  stm32f1xx_hal_tim.o(i.HAL_TIM_PeriodElapsedCallback)
    i.HAL_TIM_TriggerCallback                0x080018e2   Section        0  stm32f1xx_hal_tim.o(i.HAL_TIM_TriggerCallback)
    i.HardFault_Handler                      0x080018e4   Section        0  stm32f1xx_it.o(i.HardFault_Handler)
    i.MX_DAC_Init                            0x080018e8   Section        0  dac.o(i.MX_DAC_Init)
    i.MX_GPIO_Init                           0x08001920   Section        0  gpio.o(i.MX_GPIO_Init)
    i.MX_TIM6_Init                           0x0800194c   Section        0  tim.o(i.MX_TIM6_Init)
    i.MemManage_Handler                      0x0800198c   Section        0  stm32f1xx_it.o(i.MemManage_Handler)
    i.NMI_Handler                            0x0800198e   Section        0  stm32f1xx_it.o(i.NMI_Handler)
    i.NVIC_SetPriority                       0x08001990   Section        0  stm32f1xx_hal_cortex.o(i.NVIC_SetPriority)
    NVIC_SetPriority                         0x08001991   Thumb Code    32  stm32f1xx_hal_cortex.o(i.NVIC_SetPriority)
    i.PendSV_Handler                         0x080019b0   Section        0  stm32f1xx_it.o(i.PendSV_Handler)
    i.SVC_Handler                            0x080019b2   Section        0  stm32f1xx_it.o(i.SVC_Handler)
    i.SysTick_Handler                        0x080019b4   Section        0  stm32f1xx_it.o(i.SysTick_Handler)
    i.SystemInit                             0x080019c4   Section        0  system_stm32f1xx.o(i.SystemInit)
    i.TIM6_IRQHandler                        0x08001a0c   Section        0  stm32f1xx_it.o(i.TIM6_IRQHandler)
    i.TIM_Base_SetConfig                     0x08001a28   Section        0  stm32f1xx_hal_tim.o(i.TIM_Base_SetConfig)
    i.UsageFault_Handler                     0x08001ae8   Section        0  stm32f1xx_it.o(i.UsageFault_Handler)
    i._Z18SystemClock_Configv                0x08001aea   Section        0  main.o(i._Z18SystemClock_Configv)
    i._Z6setDACt                             0x08001b4c   Section        0  halsin.o(i._Z6setDACt)
    i._ZN6SIN_cl3RunEv                       0x08001b5c   Section        0  modsin.o(i._ZN6SIN_cl3RunEv)
    i._ZN6SIN_clC1Eh                         0x08001bcc   Section        0  modsin.o(i._ZN6SIN_clC1Eh)
    i._ZN6SIN_clD1Ev                         0x08001bd2   Section        0  modsin.o(i._ZN6SIN_clD1Ev)
    i.__scatterload_copy                     0x08001bea   Section       14  handlers.o(i.__scatterload_copy)
    i.__scatterload_null                     0x08001bf8   Section        2  handlers.o(i.__scatterload_null)
    i.__scatterload_zeroinit                 0x08001bfa   Section       14  handlers.o(i.__scatterload_zeroinit)
    i.__sti___8_main_cpp_ssss                0x08001c08   Section        0  main.o(i.__sti___8_main_cpp_ssss)
    __sti___8_main_cpp_ssss                  0x08001c09   Thumb Code    22  main.o(i.__sti___8_main_cpp_ssss)
    i.assert_failed                          0x08001c2c   Section        0  main.o(i.assert_failed)
    i.free                                   0x08001c30   Section        0  malloc.o(i.free)
    i.main                                   0x08001c80   Section        0  main.o(i.main)
    i.malloc                                 0x08001c98   Section        0  malloc.o(i.malloc)
    .constdata                               0x08001d04   Section       16  system_stm32f1xx.o(.constdata)
    .init_array                              0x08001d34   Section        4  main.o(.init_array)
    .init_array                              0x08001d38   Section        0  cpp_init.o(.init_array)
    .data                                    0x20000000   Section        4  stm32f1xx_hal.o(.data)
    uwTick                                   0x20000000   Data           4  stm32f1xx_hal.o(.data)
    .data                                    0x20000004   Section        2  modsin.o(.data)
    i                                        0x20000004   Data           2  modsin.o(.data)
    .data                                    0x20000008   Section        4  system_stm32f1xx.o(.data)
    .data                                    0x2000000c   Section        6  main.o(.data)
    .data                                    0x20000014   Section        4  cpp_dtor.o(.data)
    ddtor_pointer                            0x20000014   Data           4  cpp_dtor.o(.data)
    .data                                    0x20000018   Section        4  mvars.o(.data)
    .data                                    0x2000001c   Section        4  mvars.o(.data)
    .bss                                     0x20000020   Section      720  modsin.o(.bss)
    sin_value                                0x20000020   Data         720  modsin.o(.bss)
    .bss                                     0x200002f0   Section       60  tim.o(.bss)
    .bss                                     0x2000032c   Section       20  dac.o(.bss)
    HEAP                                     0x20000340   Section      512  startup_stm32f103xg.o(HEAP)
    STACK                                    0x20000540   Section     1024  startup_stm32f103xg.o(STACK)

    Global Symbols

    Symbol Name                              Value     Ov Type        Size  Object(Section)

    BuildAttributes$$THM_ISAv4$P$D$K$B$S$PE$A:L22UL41UL21$X:L11$S22US41US21$IEEE1$IW$USESV6$~STKCKD$USESV7$~SHL$OSPACE$EBA8$MICROLIB$REQ8$PRES8$EABIv2 0x00000000   Number         0  anon$$obj.o ABSOLUTE
    __ARM_use_no_argv                        0x00000000   Number         0  main.o ABSOLUTE
    __decompress                              - Undefined Weak Reference
    _clock_init                               - Undefined Weak Reference
    _microlib_exit                            - Undefined Weak Reference
    __Vectors_Size                           0x00000130   Number         0  startup_stm32f103xg.o ABSOLUTE
    __Vectors                                0x08000000   Data           4  startup_stm32f103xg.o(RESET)
    __dso_handle                             0x08000000   Number         0  startup_stm32f103xg.o(RESET)
    __Vectors_End                            0x08000130   Data           0  startup_stm32f103xg.o(RESET)
    __main                                   0x08000131   Thumb Code     0  entry.o(.ARM.Collect$$$$00000000)
    _main_stk                                0x08000131   Thumb Code     0  entry2.o(.ARM.Collect$$$$00000001)
    _main_scatterload                        0x08000135   Thumb Code     0  entry5.o(.ARM.Collect$$$$00000004)
    __main_after_scatterload                 0x08000139   Thumb Code     0  entry5.o(.ARM.Collect$$$$00000004)
    _main_clock                              0x08000139   Thumb Code     0  entry7b.o(.ARM.Collect$$$$00000008)
    _main_cpp_init$empty                     0x08000139   Thumb Code     0  entry8a.o(.ARM.Collect$$$$00000009)
    _main_cpp_init                           0x0800013d   Thumb Code     0  entry8b.o(.ARM.Collect$$$$0000000A)
    _main_init                               0x0800013d   Thumb Code     0  entry9a.o(.ARM.Collect$$$$0000000B)
    __rt_final_cpp                           0x08000145   Thumb Code     0  entry10a.o(.ARM.Collect$$$$0000000D)
    __rt_final_cpp$nonempty                  0x08000145   Thumb Code     0  entry10b.o(.ARM.Collect$$$$0000000E)
    __rt_final_exit                          0x08000149   Thumb Code     0  entry11a.o(.ARM.Collect$$$$0000000F)
    Reset_Handler                            0x0800014d   Thumb Code     8  startup_stm32f103xg.o(.text)
    ADC1_2_IRQHandler                        0x08000167   Thumb Code     0  startup_stm32f103xg.o(.text)
    ADC3_IRQHandler                          0x08000167   Thumb Code     0  startup_stm32f103xg.o(.text)
    CAN1_RX1_IRQHandler                      0x08000167   Thumb Code     0  startup_stm32f103xg.o(.text)
    CAN1_SCE_IRQHandler                      0x08000167   Thumb Code     0  startup_stm32f103xg.o(.text)
    DMA1_Channel1_IRQHandler                 0x08000167   Thumb Code     0  startup_stm32f103xg.o(.text)
    DMA1_Channel2_IRQHandler                 0x08000167   Thumb Code     0  startup_stm32f103xg.o(.text)
    DMA1_Channel3_IRQHandler                 0x08000167   Thumb Code     0  startup_stm32f103xg.o(.text)
    DMA1_Channel4_IRQHandler                 0x08000167   Thumb Code     0  startup_stm32f103xg.o(.text)
    DMA1_Channel5_IRQHandler                 0x08000167   Thumb Code     0  startup_stm32f103xg.o(.text)
    DMA1_Channel6_IRQHandler                 0x08000167   Thumb Code     0  startup_stm32f103xg.o(.text)
    DMA1_Channel7_IRQHandler                 0x08000167   Thumb Code     0  startup_stm32f103xg.o(.text)
    DMA2_Channel1_IRQHandler                 0x08000167   Thumb Code     0  startup_stm32f103xg.o(.text)
    DMA2_Channel2_IRQHandler                 0x08000167   Thumb Code     0  startup_stm32f103xg.o(.text)
    DMA2_Channel3_IRQHandler                 0x08000167   Thumb Code     0  startup_stm32f103xg.o(.text)
    DMA2_Channel4_5_IRQHandler               0x08000167   Thumb Code     0  startup_stm32f103xg.o(.text)
    EXTI0_IRQHandler                         0x08000167   Thumb Code     0  startup_stm32f103xg.o(.text)
    EXTI15_10_IRQHandler                     0x08000167   Thumb Code     0  startup_stm32f103xg.o(.text)
    EXTI1_IRQHandler                         0x08000167   Thumb Code     0  startup_stm32f103xg.o(.text)
    EXTI2_IRQHandler                         0x08000167   Thumb Code     0  startup_stm32f103xg.o(.text)
    EXTI3_IRQHandler                         0x08000167   Thumb Code     0  startup_stm32f103xg.o(.text)
    EXTI4_IRQHandler                         0x08000167   Thumb Code     0  startup_stm32f103xg.o(.text)
    EXTI9_5_IRQHandler                       0x08000167   Thumb Code     0  startup_stm32f103xg.o(.text)
    FLASH_IRQHandler                         0x08000167   Thumb Code     0  startup_stm32f103xg.o(.text)
    FSMC_IRQHandler                          0x08000167   Thumb Code     0  startup_stm32f103xg.o(.text)
    I2C1_ER_IRQHandler                       0x08000167   Thumb Code     0  startup_stm32f103xg.o(.text)
    I2C1_EV_IRQHandler                       0x08000167   Thumb Code     0  startup_stm32f103xg.o(.text)
    I2C2_ER_IRQHandler                       0x08000167   Thumb Code     0  startup_stm32f103xg.o(.text)
    I2C2_EV_IRQHandler                       0x08000167   Thumb Code     0  startup_stm32f103xg.o(.text)
    PVD_IRQHandler                           0x08000167   Thumb Code     0  startup_stm32f103xg.o(.text)
    RCC_IRQHandler                           0x08000167   Thumb Code     0  startup_stm32f103xg.o(.text)
    RTC_Alarm_IRQHandler                     0x08000167   Thumb Code     0  startup_stm32f103xg.o(.text)
    RTC_IRQHandler                           0x08000167   Thumb Code     0  startup_stm32f103xg.o(.text)
    SDIO_IRQHandler                          0x08000167   Thumb Code     0  startup_stm32f103xg.o(.text)
    SPI1_IRQHandler                          0x08000167   Thumb Code     0  startup_stm32f103xg.o(.text)
    SPI2_IRQHandler                          0x08000167   Thumb Code     0  startup_stm32f103xg.o(.text)
    SPI3_IRQHandler                          0x08000167   Thumb Code     0  startup_stm32f103xg.o(.text)
    TAMPER_IRQHandler                        0x08000167   Thumb Code     0  startup_stm32f103xg.o(.text)
    TIM1_BRK_TIM9_IRQHandler                 0x08000167   Thumb Code     0  startup_stm32f103xg.o(.text)
    TIM1_CC_IRQHandler                       0x08000167   Thumb Code     0  startup_stm32f103xg.o(.text)
    TIM1_TRG_COM_TIM11_IRQHandler            0x08000167   Thumb Code     0  startup_stm32f103xg.o(.text)
    TIM1_UP_TIM10_IRQHandler                 0x08000167   Thumb Code     0  startup_stm32f103xg.o(.text)
    TIM2_IRQHandler                          0x08000167   Thumb Code     0  startup_stm32f103xg.o(.text)
    TIM3_IRQHandler                          0x08000167   Thumb Code     0  startup_stm32f103xg.o(.text)
    TIM4_IRQHandler                          0x08000167   Thumb Code     0  startup_stm32f103xg.o(.text)
    TIM5_IRQHandler                          0x08000167   Thumb Code     0  startup_stm32f103xg.o(.text)
    TIM7_IRQHandler                          0x08000167   Thumb Code     0  startup_stm32f103xg.o(.text)
    TIM8_BRK_TIM12_IRQHandler                0x08000167   Thumb Code     0  startup_stm32f103xg.o(.text)
    TIM8_CC_IRQHandler                       0x08000167   Thumb Code     0  startup_stm32f103xg.o(.text)
    TIM8_TRG_COM_TIM14_IRQHandler            0x08000167   Thumb Code     0  startup_stm32f103xg.o(.text)
    TIM8_UP_TIM13_IRQHandler                 0x08000167   Thumb Code     0  startup_stm32f103xg.o(.text)
    UART4_IRQHandler                         0x08000167   Thumb Code     0  startup_stm32f103xg.o(.text)
    UART5_IRQHandler                         0x08000167   Thumb Code     0  startup_stm32f103xg.o(.text)
    USART1_IRQHandler                        0x08000167   Thumb Code     0  startup_stm32f103xg.o(.text)
    USART2_IRQHandler                        0x08000167   Thumb Code     0  startup_stm32f103xg.o(.text)
    USART3_IRQHandler                        0x08000167   Thumb Code     0  startup_stm32f103xg.o(.text)
    USBWakeUp_IRQHandler                     0x08000167   Thumb Code     0  startup_stm32f103xg.o(.text)
    USB_HP_CAN1_TX_IRQHandler                0x08000167   Thumb Code     0  startup_stm32f103xg.o(.text)
    USB_LP_CAN1_RX0_IRQHandler               0x08000167   Thumb Code     0  startup_stm32f103xg.o(.text)
    WWDG_IRQHandler                          0x08000167   Thumb Code     0  startup_stm32f103xg.o(.text)
    __cpp_initialize__aeabi_                 0x08000171   Thumb Code    22  cpp_init.o(.text)
    __aeabi_atexit                           0x08000191   Thumb Code    46  aeabi_atexit.o(.text)
    __rt_ddtor_pointer_addr                  0x080001c1   Thumb Code     4  cpp_dtor.o(.text)
    __cxa_finalize                           0x080001c9   Thumb Code    66  cxa_finalize.o(.text)
    __scatterload                            0x0800020d   Thumb Code    28  init.o(.text)
    __scatterload_rt2                        0x0800020d   Thumb Code     0  init.o(.text)
    __rt_lib_shutdown_cpp_2                  0x08000231   Thumb Code     2  cpp_final.o(.text)
    BusFault_Handler                         0x08000233   Thumb Code     2  stm32f1xx_it.o(i.BusFault_Handler)
    DebugMon_Handler                         0x08000235   Thumb Code     2  stm32f1xx_it.o(i.DebugMon_Handler)
    Error_Handler                            0x08000237   Thumb Code     2  main.o(i.Error_Handler)
    HAL_DAC_ConfigChannel                    0x08000239   Thumb Code   150  stm32f1xx_hal_dac.o(i.HAL_DAC_ConfigChannel)
    HAL_DAC_Init                             0x08000309   Thumb Code    58  stm32f1xx_hal_dac.o(i.HAL_DAC_Init)
    HAL_DAC_MspInit                          0x08000381   Thumb Code    50  dac.o(i.HAL_DAC_MspInit)
    HAL_DAC_SetValue                         0x080003c1   Thumb Code    92  stm32f1xx_hal_dac.o(i.HAL_DAC_SetValue)
    HAL_Delay                                0x08000455   Thumb Code    22  stm32f1xx_hal.o(i.HAL_Delay)
    HAL_GPIO_Init                            0x0800046d   Thumb Code   708  stm32f1xx_hal_gpio.o(i.HAL_GPIO_Init)
    HAL_GetTick                              0x080007b9   Thumb Code     6  stm32f1xx_hal.o(i.HAL_GetTick)
    HAL_IncTick                              0x080007c5   Thumb Code    10  stm32f1xx_hal.o(i.HAL_IncTick)
    HAL_Init                                 0x080007d5   Thumb Code    32  stm32f1xx_hal.o(i.HAL_Init)
    HAL_InitTick                             0x080007f9   Thumb Code    34  stm32f1xx_hal.o(i.HAL_InitTick)
    HAL_MspInit                              0x0800081d   Thumb Code   118  stm32f1xx_hal_msp.o(i.HAL_MspInit)
    HAL_NVIC_EnableIRQ                       0x0800089d   Thumb Code    36  stm32f1xx_hal_cortex.o(i.HAL_NVIC_EnableIRQ)
    HAL_NVIC_SetPriority                     0x080008fd   Thumb Code    94  stm32f1xx_hal_cortex.o(i.HAL_NVIC_SetPriority)
    HAL_NVIC_SetPriorityGrouping             0x0800099d   Thumb Code    58  stm32f1xx_hal_cortex.o(i.HAL_NVIC_SetPriorityGrouping)
    HAL_RCC_ClockConfig                      0x08000a1d   Thumb Code   578  stm32f1xx_hal_rcc.o(i.HAL_RCC_ClockConfig)
    HAL_RCC_GetHCLKFreq                      0x08000ca9   Thumb Code     6  stm32f1xx_hal_rcc.o(i.HAL_RCC_GetHCLKFreq)
    HAL_RCC_GetSysClockFreq                  0x08000cb5   Thumb Code   106  stm32f1xx_hal_rcc.o(i.HAL_RCC_GetSysClockFreq)
    HAL_RCC_OscConfig                        0x08000d3d   Thumb Code  1786  stm32f1xx_hal_rcc.o(i.HAL_RCC_OscConfig)
    HAL_SYSTICK_CLKSourceConfig              0x0800143d   Thumb Code    40  stm32f1xx_hal_cortex.o(i.HAL_SYSTICK_CLKSourceConfig)
    HAL_SYSTICK_Callback                     0x080014a1   Thumb Code     2  stm32f1xx_hal_cortex.o(i.HAL_SYSTICK_Callback)
    HAL_SYSTICK_Config                       0x080014a3   Thumb Code    40  stm32f1xx_hal_cortex.o(i.HAL_SYSTICK_Config)
    HAL_SYSTICK_IRQHandler                   0x080014cb   Thumb Code     8  stm32f1xx_hal_cortex.o(i.HAL_SYSTICK_IRQHandler)
    HAL_TIMEx_BreakCallback                  0x080014d3   Thumb Code     2  stm32f1xx_hal_tim_ex.o(i.HAL_TIMEx_BreakCallback)
    HAL_TIMEx_CommutationCallback            0x080014d5   Thumb Code     2  stm32f1xx_hal_tim_ex.o(i.HAL_TIMEx_CommutationCallback)
    HAL_TIMEx_MasterConfigSynchronization    0x080014d9   Thumb Code   208  stm32f1xx_hal_tim_ex.o(i.HAL_TIMEx_MasterConfigSynchronization)
    HAL_TIM_Base_Init                        0x08001605   Thumb Code   200  stm32f1xx_hal_tim.o(i.HAL_TIM_Base_Init)
    HAL_TIM_Base_MspInit                     0x08001739   Thumb Code    50  tim.o(i.HAL_TIM_Base_MspInit)
    HAL_TIM_IC_CaptureCallback               0x08001775   Thumb Code     2  stm32f1xx_hal_tim.o(i.HAL_TIM_IC_CaptureCallback)
    HAL_TIM_IRQHandler                       0x08001777   Thumb Code   358  stm32f1xx_hal_tim.o(i.HAL_TIM_IRQHandler)
    HAL_TIM_OC_DelayElapsedCallback          0x080018dd   Thumb Code     2  stm32f1xx_hal_tim.o(i.HAL_TIM_OC_DelayElapsedCallback)
    HAL_TIM_PWM_PulseFinishedCallback        0x080018df   Thumb Code     2  stm32f1xx_hal_tim.o(i.HAL_TIM_PWM_PulseFinishedCallback)
    HAL_TIM_PeriodElapsedCallback            0x080018e1   Thumb Code     2  stm32f1xx_hal_tim.o(i.HAL_TIM_PeriodElapsedCallback)
    HAL_TIM_TriggerCallback                  0x080018e3   Thumb Code     2  stm32f1xx_hal_tim.o(i.HAL_TIM_TriggerCallback)
    HardFault_Handler                        0x080018e5   Thumb Code     2  stm32f1xx_it.o(i.HardFault_Handler)
    MX_DAC_Init                              0x080018e9   Thumb Code    46  dac.o(i.MX_DAC_Init)
    MX_GPIO_Init                             0x08001921   Thumb Code    38  gpio.o(i.MX_GPIO_Init)
    MX_TIM6_Init                             0x0800194d   Thumb Code    54  tim.o(i.MX_TIM6_Init)
    MemManage_Handler                        0x0800198d   Thumb Code     2  stm32f1xx_it.o(i.MemManage_Handler)
    NMI_Handler                              0x0800198f   Thumb Code     2  stm32f1xx_it.o(i.NMI_Handler)
    PendSV_Handler                           0x080019b1   Thumb Code     2  stm32f1xx_it.o(i.PendSV_Handler)
    SVC_Handler                              0x080019b3   Thumb Code     2  stm32f1xx_it.o(i.SVC_Handler)
    SysTick_Handler                          0x080019b5   Thumb Code    14  stm32f1xx_it.o(i.SysTick_Handler)
    SystemInit                               0x080019c5   Thumb Code    56  system_stm32f1xx.o(i.SystemInit)
    TIM6_IRQHandler                          0x08001a0d   Thumb Code    18  stm32f1xx_it.o(i.TIM6_IRQHandler)
    TIM_Base_SetConfig                       0x08001a29   Thumb Code   148  stm32f1xx_hal_tim.o(i.TIM_Base_SetConfig)
    UsageFault_Handler                       0x08001ae9   Thumb Code     2  stm32f1xx_it.o(i.UsageFault_Handler)
    SystemClock_Config()                     0x08001aeb   Thumb Code    96  main.o(i._Z18SystemClock_Configv)
    setDAC(unsigned short)                   0x08001b4d   Thumb Code    12  halsin.o(i._Z6setDACt)
    SIN_cl::Run()                            0x08001b5d   Thumb Code   102  modsin.o(i._ZN6SIN_cl3RunEv)
    SIN_cl::SIN_cl(unsigned char)            0x08001bcd   Thumb Code     6  modsin.o(i._ZN6SIN_clC1Eh)
    SIN_cl::SIN_cl__sub_object(unsigned char) 0x08001bcd   Thumb Code     0  modsin.o(i._ZN6SIN_clC1Eh)
    SIN_cl::~SIN_cl()                        0x08001bd3   Thumb Code    24  modsin.o(i._ZN6SIN_clD1Ev)
    SIN_cl::~SIN_cl__sub_object()            0x08001bd3   Thumb Code     0  modsin.o(i._ZN6SIN_clD1Ev)
    __scatterload_copy                       0x08001beb   Thumb Code    14  handlers.o(i.__scatterload_copy)
    __scatterload_null                       0x08001bf9   Thumb Code     2  handlers.o(i.__scatterload_null)
    __scatterload_zeroinit                   0x08001bfb   Thumb Code    14  handlers.o(i.__scatterload_zeroinit)
    assert_failed                            0x08001c2d   Thumb Code     2  main.o(i.assert_failed)
    free                                     0x08001c31   Thumb Code    76  malloc.o(i.free)
    main                                     0x08001c81   Thumb Code    22  main.o(i.main)
    malloc                                   0x08001c99   Thumb Code    92  malloc.o(i.malloc)
    AHBPrescTable                            0x08001d04   Data          16  system_stm32f1xx.o(.constdata)
    Region$$Table$$Base                      0x08001d14   Number         0  anon$$obj.o(Region$$Table)
    Region$$Table$$Limit                     0x08001d34   Number         0  anon$$obj.o(Region$$Table)
    SHT$$INIT_ARRAY$$Base                    0x08001d34   Number         0  main.o(.init_array)
    SHT$$INIT_ARRAY$$Limit                   0x08001d38   Number         0  cpp_init.o(.init_array)
    SystemCoreClock                          0x20000008   Data           4  system_stm32f1xx.o(.data)
    ssss                                     0x2000000c   Data           6  main.o(.data)
    __microlib_freelist                      0x20000018   Data           4  mvars.o(.data)
    __microlib_freelist_initialised          0x2000001c   Data           4  mvars.o(.data)
    htim6                                    0x200002f0   Data          60  tim.o(.bss)
    hdac                                     0x2000032c   Data          20  dac.o(.bss)
    __heap_base                              0x20000340   Data           0  startup_stm32f103xg.o(HEAP)
    __heap_limit                             0x20000540   Data           0  startup_stm32f103xg.o(HEAP)
    __initial_sp                             0x20000940   Data           0  startup_stm32f103xg.o(STACK)



==============================================================================

Memory Map of the image

  Image Entry point : 0x08000131

  Load Region LR_IROM1 (Base: 0x08000000, Size: 0x00001d58, Max: 0x00100000, ABSOLUTE)

    Execution Region ER_IROM1 (Base: 0x08000000, Size: 0x00001d38, Max: 0x00100000, ABSOLUTE)

    Base Addr    Size         Type   Attr      Idx    E Section Name        Object

    0x08000000   0x00000130   Data   RO         2281    RESET               startup_stm32f103xg.o
    0x08000130   0x00000000   Code   RO         2577  * .ARM.Collect$$$$00000000  mc_w.l(entry.o)
    0x08000130   0x00000004   Code   RO         2589    .ARM.Collect$$$$00000001  mc_w.l(entry2.o)
    0x08000134   0x00000004   Code   RO         2592    .ARM.Collect$$$$00000004  mc_w.l(entry5.o)
    0x08000138   0x00000000   Code   RO         2594    .ARM.Collect$$$$00000008  mc_w.l(entry7b.o)
    0x08000138   0x00000004   Code   RO         2595    .ARM.Collect$$$$00000009  mc_w.l(entry8a.o)
    0x0800013c   0x00000000   Code   RO         2596    .ARM.Collect$$$$0000000A  mc_w.l(entry8b.o)
    0x0800013c   0x00000008   Code   RO         2597    .ARM.Collect$$$$0000000B  mc_w.l(entry9a.o)
    0x08000144   0x00000000   Code   RO         2599    .ARM.Collect$$$$0000000D  mc_w.l(entry10a.o)
    0x08000144   0x00000004   Code   RO         2600    .ARM.Collect$$$$0000000E  mc_w.l(entry10b.o)
    0x08000148   0x00000000   Code   RO         2601    .ARM.Collect$$$$0000000F  mc_w.l(entry11a.o)
    0x08000148   0x00000004   Code   RO         2590    .ARM.Collect$$$$00002712  mc_w.l(entry2.o)
    0x0800014c   0x00000024   Code   RO         2282    .text               startup_stm32f103xg.o
    0x08000170   0x00000020   Code   RO         2585    .text               mc_w.l(cpp_init.o)
    0x08000190   0x0000002e   Code   RO         2587    .text               mc_w.l(aeabi_atexit.o)
    0x080001be   0x00000002   PAD
    0x080001c0   0x00000008   Code   RO         2631    .text               mc_w.l(cpp_dtor.o)
    0x080001c8   0x00000042   Code   RO         2634    .text               mc_w.l(cxa_finalize.o)
    0x0800020a   0x00000002   PAD
    0x0800020c   0x00000024   Code   RO         2636    .text               mc_w.l(init.o)
    0x08000230   0x00000002   Code   RO         2644    .text               mc_w.l(cpp_final.o)
    0x08000232   0x00000002   Code   RO         2340    i.BusFault_Handler  stm32f1xx_it.o
    0x08000234   0x00000002   Code   RO         2341    i.DebugMon_Handler  stm32f1xx_it.o
    0x08000236   0x00000002   Code   RO         2520    i.Error_Handler     main.o
    0x08000238   0x000000d0   Code   RO          231    i.HAL_DAC_ConfigChannel  stm32f1xx_hal_dac.o
    0x08000308   0x00000078   Code   RO          239    i.HAL_DAC_Init      stm32f1xx_hal_dac.o
    0x08000380   0x00000040   Code   RO         2479    i.HAL_DAC_MspInit   dac.o
    0x080003c0   0x00000094   Code   RO          242    i.HAL_DAC_SetValue  stm32f1xx_hal_dac.o
    0x08000454   0x00000016   Code   RO           11    i.HAL_Delay         stm32f1xx_hal.o
    0x0800046a   0x00000002   PAD
    0x0800046c   0x0000034c   Code   RO         1895    i.HAL_GPIO_Init     stm32f1xx_hal_gpio.o
    0x080007b8   0x0000000c   Code   RO           15    i.HAL_GetTick       stm32f1xx_hal.o
    0x080007c4   0x00000010   Code   RO           16    i.HAL_IncTick       stm32f1xx_hal.o
    0x080007d4   0x00000024   Code   RO           17    i.HAL_Init          stm32f1xx_hal.o
    0x080007f8   0x00000022   Code   RO           18    i.HAL_InitTick      stm32f1xx_hal.o
    0x0800081a   0x00000002   PAD
    0x0800081c   0x00000080   Code   RO         2316    i.HAL_MspInit       stm32f1xx_hal_msp.o
    0x0800089c   0x00000060   Code   RO         1406    i.HAL_NVIC_EnableIRQ  stm32f1xx_hal_cortex.o
    0x080008fc   0x000000a0   Code   RO         1412    i.HAL_NVIC_SetPriority  stm32f1xx_hal_cortex.o
    0x0800099c   0x00000080   Code   RO         1413    i.HAL_NVIC_SetPriorityGrouping  stm32f1xx_hal_cortex.o
    0x08000a1c   0x0000028c   Code   RO         1302    i.HAL_RCC_ClockConfig  stm32f1xx_hal_rcc.o
    0x08000ca8   0x0000000c   Code   RO         1307    i.HAL_RCC_GetHCLKFreq  stm32f1xx_hal_rcc.o
    0x08000cb4   0x00000088   Code   RO         1311    i.HAL_RCC_GetSysClockFreq  stm32f1xx_hal_rcc.o
    0x08000d3c   0x00000700   Code   RO         1314    i.HAL_RCC_OscConfig  stm32f1xx_hal_rcc.o
    0x0800143c   0x00000064   Code   RO         1415    i.HAL_SYSTICK_CLKSourceConfig  stm32f1xx_hal_cortex.o
    0x080014a0   0x00000002   Code   RO         1416    i.HAL_SYSTICK_Callback  stm32f1xx_hal_cortex.o
    0x080014a2   0x00000028   Code   RO         1417    i.HAL_SYSTICK_Config  stm32f1xx_hal_cortex.o
    0x080014ca   0x00000008   Code   RO         1418    i.HAL_SYSTICK_IRQHandler  stm32f1xx_hal_cortex.o
    0x080014d2   0x00000002   Code   RO          437    i.HAL_TIMEx_BreakCallback  stm32f1xx_hal_tim_ex.o
    0x080014d4   0x00000002   Code   RO          438    i.HAL_TIMEx_CommutationCallback  stm32f1xx_hal_tim_ex.o
    0x080014d6   0x00000002   PAD
    0x080014d8   0x0000012c   Code   RO          454    i.HAL_TIMEx_MasterConfigSynchronization  stm32f1xx_hal_tim_ex.o
    0x08001604   0x00000134   Code   RO          672    i.HAL_TIM_Base_Init  stm32f1xx_hal_tim.o
    0x08001738   0x0000003c   Code   RO         2437    i.HAL_TIM_Base_MspInit  tim.o
    0x08001774   0x00000002   Code   RO          701    i.HAL_TIM_IC_CaptureCallback  stm32f1xx_hal_tim.o
    0x08001776   0x00000166   Code   RO          714    i.HAL_TIM_IRQHandler  stm32f1xx_hal_tim.o
    0x080018dc   0x00000002   Code   RO          717    i.HAL_TIM_OC_DelayElapsedCallback  stm32f1xx_hal_tim.o
    0x080018de   0x00000002   Code   RO          744    i.HAL_TIM_PWM_PulseFinishedCallback  stm32f1xx_hal_tim.o
    0x080018e0   0x00000002   Code   RO          751    i.HAL_TIM_PeriodElapsedCallback  stm32f1xx_hal_tim.o
    0x080018e2   0x00000002   Code   RO          755    i.HAL_TIM_TriggerCallback  stm32f1xx_hal_tim.o
    0x080018e4   0x00000002   Code   RO         2342    i.HardFault_Handler  stm32f1xx_it.o
    0x080018e6   0x00000002   PAD
    0x080018e8   0x00000038   Code   RO         2480    i.MX_DAC_Init       dac.o
    0x08001920   0x0000002c   Code   RO         2289    i.MX_GPIO_Init      gpio.o
    0x0800194c   0x00000040   Code   RO         2438    i.MX_TIM6_Init      tim.o
    0x0800198c   0x00000002   Code   RO         2343    i.MemManage_Handler  stm32f1xx_it.o
    0x0800198e   0x00000002   Code   RO         2344    i.NMI_Handler       stm32f1xx_it.o
    0x08001990   0x00000020   Code   RO         1419    i.NVIC_SetPriority  stm32f1xx_hal_cortex.o
    0x080019b0   0x00000002   Code   RO         2345    i.PendSV_Handler    stm32f1xx_it.o
    0x080019b2   0x00000002   Code   RO         2346    i.SVC_Handler       stm32f1xx_it.o
    0x080019b4   0x0000000e   Code   RO         2347    i.SysTick_Handler   stm32f1xx_it.o
    0x080019c2   0x00000002   PAD
    0x080019c4   0x00000048   Code   RO         2245    i.SystemInit        system_stm32f1xx.o
    0x08001a0c   0x0000001c   Code   RO         2348    i.TIM6_IRQHandler   stm32f1xx_it.o
    0x08001a28   0x000000c0   Code   RO          756    i.TIM_Base_SetConfig  stm32f1xx_hal_tim.o
    0x08001ae8   0x00000002   Code   RO         2349    i.UsageFault_Handler  stm32f1xx_it.o
    0x08001aea   0x00000060   Code   RO         2521    i._Z18SystemClock_Configv  main.o
    0x08001b4a   0x00000002   PAD
    0x08001b4c   0x00000010   Code   RO         2122    i._Z6setDACt        halsin.o
    0x08001b5c   0x00000070   Code   RO         2070    i._ZN6SIN_cl3RunEv  modsin.o
    0x08001bcc   0x00000006   Code   RO         2072    i._ZN6SIN_clC1Eh    modsin.o
    0x08001bd2   0x00000018   Code   RO         2073    i._ZN6SIN_clD1Ev    modsin.o
    0x08001bea   0x0000000e   Code   RO         2648    i.__scatterload_copy  mc_w.l(handlers.o)
    0x08001bf8   0x00000002   Code   RO         2649    i.__scatterload_null  mc_w.l(handlers.o)
    0x08001bfa   0x0000000e   Code   RO         2650    i.__scatterload_zeroinit  mc_w.l(handlers.o)
    0x08001c08   0x00000024   Code   RO         2522    i.__sti___8_main_cpp_ssss  main.o
    0x08001c2c   0x00000002   Code   RO         2523    i.assert_failed     main.o
    0x08001c2e   0x00000002   PAD
    0x08001c30   0x00000050   Code   RO         2603    i.free              mc_w.l(malloc.o)
    0x08001c80   0x00000016   Code   RO         2524    i.main              main.o
    0x08001c96   0x00000002   PAD
    0x08001c98   0x0000006c   Code   RO         2604    i.malloc            mc_w.l(malloc.o)
    0x08001d04   0x00000010   Data   RO         2246    .constdata          system_stm32f1xx.o
    0x08001d14   0x00000020   Data   RO         2646    Region$$Table       anon$$obj.o
    0x08001d34   0x00000004   Data   RO         2531    .init_array         main.o
    0x08001d38   0x00000000   Data   RO         2583    .init_array         mc_w.l(cpp_init.o)


    Execution Region RW_IRAM1 (Base: 0x20000000, Size: 0x00000940, Max: 0x00018000, ABSOLUTE)

    Base Addr    Size         Type   Attr      Idx    E Section Name        Object

    0x20000000   0x00000004   Data   RW           23    .data               stm32f1xx_hal.o
    0x20000004   0x00000002   Data   RW         2080    .data               modsin.o
    0x20000006   0x00000002   PAD
    0x20000008   0x00000004   Data   RW         2248    .data               system_stm32f1xx.o
    0x2000000c   0x00000006   Data   RW         2530    .data               main.o
    0x20000012   0x00000002   PAD
    0x20000014   0x00000004   Data   RW         2632    .data               mc_w.l(cpp_dtor.o)
    0x20000018   0x00000004   Data   RW         2642    .data               mc_w.l(mvars.o)
    0x2000001c   0x00000004   Data   RW         2643    .data               mc_w.l(mvars.o)
    0x20000020   0x000002d0   Zero   RW         2079    .bss                modsin.o
    0x200002f0   0x0000003c   Zero   RW         2439    .bss                tim.o
    0x2000032c   0x00000014   Zero   RW         2481    .bss                dac.o
    0x20000340   0x00000200   Zero   RW         2280    HEAP                startup_stm32f103xg.o
    0x20000540   0x00000400   Zero   RW         2279    STACK               startup_stm32f103xg.o


==============================================================================

Image component sizes


      Code (inc. data)   RO Data    RW Data    ZI Data      Debug   Object Name

       120         24          0          0         20       1475   dac.o
        44          6          0          0          0        727   gpio.o
        16          4          0          0          0      45265   halsin.o
       158         14          4          6          0       2492   main.o
       142         10          0          2        720       5720   modsin.o
        36          8        304          0       1536        756   startup_stm32f103xg.o
       120         16          0          4          0     502662   stm32f1xx_hal.o
       566        256          0          0          0      29097   stm32f1xx_hal_cortex.o
       476        176          0          0          0       2662   stm32f1xx_hal_dac.o
       844        136          0          0          0       2564   stm32f1xx_hal_gpio.o
       128         10          0          0          0        814   stm32f1xx_hal_msp.o
      2592        184          0          0          0       4830   stm32f1xx_hal_rcc.o
       868        152          0          0          0       5999   stm32f1xx_hal_tim.o
       304         92          0          0          0       2302   stm32f1xx_hal_tim_ex.o
        58         10          0          0          0       4032   stm32f1xx_it.o
        72         16         16          4          0       1347   system_stm32f1xx.o
       124         20          0          0         60       1458   tim.o

    ----------------------------------------------------------------------
      6684       1134        356         20       2336     614202   Object Totals
         0          0         32          0          0          0   (incl. Generated)
        16          0          0          4          0          0   (incl. Padding)

    ----------------------------------------------------------------------

      Code (inc. data)   RO Data    RW Data    ZI Data      Debug   Library Member Name

        46          0          0          0          0         84   aeabi_atexit.o
         8          4          0          4          0         68   cpp_dtor.o
         2          0          0          0          0         68   cpp_final.o
        32         10          0          0          0         80   cpp_init.o
        66          0          0          0          0         84   cxa_finalize.o
         0          0          0          0          0          0   entry.o
         0          0          0          0          0          0   entry10a.o
         4          0          0          0          0          0   entry10b.o
         0          0          0          0          0          0   entry11a.o
         8          4          0          0          0          0   entry2.o
         4          0          0          0          0          0   entry5.o
         0          0          0          0          0          0   entry7b.o
         4          0          0          0          0          0   entry8a.o
         0          0          0          0          0          0   entry8b.o
         8          4          0          0          0          0   entry9a.o
        30          0          0          0          0          0   handlers.o
        36          8          0          0          0         68   init.o
       188         20          0          0          0        160   malloc.o
         0          0          0          8          0          0   mvars.o

    ----------------------------------------------------------------------
       440         50          0         12          0        612   Library Totals
         4          0          0          0          0          0   (incl. Padding)

    ----------------------------------------------------------------------

      Code (inc. data)   RO Data    RW Data    ZI Data      Debug   Library Name

       436         50          0         12          0        612   mc_w.l

    ----------------------------------------------------------------------
       440         50          0         12          0        612   Library Totals

    ----------------------------------------------------------------------

==============================================================================


      Code (inc. data)   RO Data    RW Data    ZI Data      Debug   

      7124       1184        356         32       2336     611950   Grand Totals
      7124       1184        356         32       2336     611950   ELF Image Totals
      7124       1184        356         32          0          0   ROM Totals

==============================================================================

    Total RO  Size (Code + RO Data)                 7480 (   7.30kB)
    Total RW  Size (RW Data + ZI Data)              2368 (   2.31kB)
    Total ROM Size (Code + RO Data + RW Data)       7512 (   7.34kB)

==============================================================================

